Archive member included to satisfy reference by file (symbol)

../Middlewares/ST/AI/Lib\NetworkRuntime1000_CM4_GCC.a(ai_platform.o)
                              ./X-CUBE-AI/App/sine_model.o (ai_buffer_array_item_set_address)
../Middlewares/ST/AI/Lib\NetworkRuntime1000_CM4_GCC.a(ai_platform_interface.o)
                              ./X-CUBE-AI/App/sine_model.o (ai_platform_get_weights_map)
../Middlewares/ST/AI/Lib\NetworkRuntime1000_CM4_GCC.a(core_common.o)
                              ../Middlewares/ST/AI/Lib\NetworkRuntime1000_CM4_GCC.a(ai_platform_interface.o) (core_init)
../Middlewares/ST/AI/Lib\NetworkRuntime1000_CM4_GCC.a(core_mem_manager.o)
                              ../Middlewares/ST/AI/Lib\NetworkRuntime1000_CM4_GCC.a(ai_platform_interface.o) (core_mem_alloc)
../Middlewares/ST/AI/Lib\NetworkRuntime1000_CM4_GCC.a(layers.o)
                              ../Middlewares/ST/AI/Lib\NetworkRuntime1000_CM4_GCC.a(ai_platform_interface.o) (ai_check_custom_types)
../Middlewares/ST/AI/Lib\NetworkRuntime1000_CM4_GCC.a(layers_conv2d_generic_float.o)
                              ./X-CUBE-AI/App/sine_model.o (forward_dense)
../Middlewares/ST/AI/Lib\NetworkRuntime1000_CM4_GCC.a(layers_nl_generic_float.o)
                              ./X-CUBE-AI/App/sine_model.o (forward_relu)
../Middlewares/ST/AI/Lib\NetworkRuntime1000_CM4_GCC.a(layers_conv2d_integer_scratch.o)
                              ../Middlewares/ST/AI/Lib\NetworkRuntime1000_CM4_GCC.a(layers.o) (get_conv2d_scratch_size)
../Middlewares/ST/AI/Lib\NetworkRuntime1000_CM4_GCC.a(forward_lite_conv2d_if32of32wf32.o)
                              ../Middlewares/ST/AI/Lib\NetworkRuntime1000_CM4_GCC.a(layers_conv2d_generic_float.o) (forward_lite_conv2d_if32of32wf32)
../Middlewares/ST/AI/Lib\NetworkRuntime1000_CM4_GCC.a(lite_nl_softmax_if32of32.o)
                              ../Middlewares/ST/AI/Lib\NetworkRuntime1000_CM4_GCC.a(layers_nl_generic_float.o) (forward_lite_nl_softmax_if32of32_kernel)
../Middlewares/ST/AI/Lib\NetworkRuntime1000_CM4_GCC.a(lite_nl_relu_if32of32.o)
                              ../Middlewares/ST/AI/Lib\NetworkRuntime1000_CM4_GCC.a(layers_nl_generic_float.o) (forward_lite_nl_prelu_if32of32_kernel)
../Middlewares/ST/AI/Lib\NetworkRuntime1000_CM4_GCC.a(lite_dense_if32.o)
                              ../Middlewares/ST/AI/Lib\NetworkRuntime1000_CM4_GCC.a(layers_conv2d_generic_float.o) (lite_decompress_ilutof32)
../Middlewares/ST/AI/Lib\NetworkRuntime1000_CM4_GCC.a(lite_nl_generic_float.o)
                              ../Middlewares/ST/AI/Lib\NetworkRuntime1000_CM4_GCC.a(layers_nl_generic_float.o) (forward_lite_nl_softmax_if32of32)
../Middlewares/ST/AI/Lib\NetworkRuntime1000_CM4_GCC.a(st_int8_fill.o)
                              ../Middlewares/ST/AI/Lib\NetworkRuntime1000_CM4_GCC.a(ai_platform_interface.o) (st_int8_copy)
../Middlewares/ST/AI/Lib\NetworkRuntime1000_CM4_GCC.a(ai_math_helpers.o)
                              ../Middlewares/ST/AI/Lib\NetworkRuntime1000_CM4_GCC.a(layers_nl_generic_float.o) (ai_math_sqrt)
../Middlewares/ST/AI/Lib\NetworkRuntime1000_CM4_GCC.a(ai_datatypes_format.o)
                              ../Middlewares/ST/AI/Lib\NetworkRuntime1000_CM4_GCC.a(ai_platform_interface.o) (ai_array_to_buffer_fmt)
../Middlewares/ST/AI/Lib\NetworkRuntime1000_CM4_GCC.a(ai_datatypes_internal.o)
                              ../Middlewares/ST/AI/Lib\NetworkRuntime1000_CM4_GCC.a(ai_platform_interface.o) (ai_version_get)
../Middlewares/ST/AI/Lib\NetworkRuntime1000_CM4_GCC.a(ai_math_elementwise_mul_int8.o)
                              ../Middlewares/ST/AI/Lib\NetworkRuntime1000_CM4_GCC.a(ai_math_helpers.o) (ai_math_elementwise_mul_int8)
../Middlewares/ST/AI/Lib\NetworkRuntime1000_CM4_GCC.a(ai_math_elementwise_sum_int8.o)
                              ../Middlewares/ST/AI/Lib\NetworkRuntime1000_CM4_GCC.a(ai_math_helpers.o) (ai_math_elementwise_sum_int8)
../Middlewares/ST/AI/Lib\NetworkRuntime1000_CM4_GCC.a(st_align_factor.o)
                              ../Middlewares/ST/AI/Lib\NetworkRuntime1000_CM4_GCC.a(ai_math_helpers.o) (align_factor)
C:/ST/STM32CubeIDE_1.16.1/STM32CubeIDE/plugins/com.st.stm32cube.ide.mcu.externaltools.gnu-tools-for-stm32.12.3.rel1.win32_1.0.200.202406191623/tools/bin/../lib/gcc/arm-none-eabi/12.3.1/../../../../arm-none-eabi/lib/thumb/v7e-m+fp/hard\libc_nano.a(libc_a-exit.o)
                              C:/ST/STM32CubeIDE_1.16.1/STM32CubeIDE/plugins/com.st.stm32cube.ide.mcu.externaltools.gnu-tools-for-stm32.12.3.rel1.win32_1.0.200.202406191623/tools/bin/../lib/gcc/arm-none-eabi/12.3.1/../../../../arm-none-eabi/lib/thumb/v7e-m+fp/hard/crt0.o (exit)
C:/ST/STM32CubeIDE_1.16.1/STM32CubeIDE/plugins/com.st.stm32cube.ide.mcu.externaltools.gnu-tools-for-stm32.12.3.rel1.win32_1.0.200.202406191623/tools/bin/../lib/gcc/arm-none-eabi/12.3.1/../../../../arm-none-eabi/lib/thumb/v7e-m+fp/hard\libc_nano.a(libc_a-malloc.o)
[...]
Memory Configuration

Name             Origin             Length             Attributes
RAM              0x20000000         0x00018000         xrw
RAM2             0x10000000         0x00008000         xrw
FLASH            0x08000000         0x00100000         xr
*default*        0x00000000         0xffffffff

Linker script and memory map

LOAD C:/ST/STM32CubeIDE_1.16.1/STM32CubeIDE/plugins/com.st.stm32cube.ide.mcu.externaltools.gnu-tools-for-stm32.12.3.rel1.win32_1.0.200.202406191623/tools/bin/../lib/gcc/arm-none-eabi/12.3.1/thumb/v7e-m+fp/hard/crti.o
LOAD C:/ST/STM32CubeIDE_1.16.1/STM32CubeIDE/plugins/com.st.stm32cube.ide.mcu.externaltools.gnu-tools-for-stm32.12.3.rel1.win32_1.0.200.202406191623/tools/bin/../lib/gcc/arm-none-eabi/12.3.1/thumb/v7e-m+fp/hard/crtbegin.o
LOAD C:/ST/STM32CubeIDE_1.16.1/STM32CubeIDE/plugins/com.st.stm32cube.ide.mcu.externaltools.gnu-tools-for-stm32.12.3.rel1.win32_1.0.200.202406191623/tools/bin/../lib/gcc/arm-none-eabi/12.3.1/../../../../arm-none-eabi/lib/thumb/v7e-m+fp/hard/crt0.o
LOAD ./Core/Src/main.o
LOAD ./Core/Src/stm32l4xx_hal_msp.o
LOAD ./Core/Src/stm32l4xx_it.o
LOAD ./Core/Src/sysmem.o
LOAD ./Core/Src/system_stm32l4xx.o
LOAD ./Core/Startup/startup_stm32l476rgtx.o
LOAD ./Drivers/STM32L4xx_HAL_Driver/Src/stm32l4xx_hal.o
LOAD ./Drivers/STM32L4xx_HAL_Driver/Src/stm32l4xx_hal_cortex.o
LOAD ./Drivers/STM32L4xx_HAL_Driver/Src/stm32l4xx_hal_dma.o
LOAD ./Drivers/STM32L4xx_HAL_Driver/Src/stm32l4xx_hal_dma_ex.o
LOAD ./Drivers/STM32L4xx_HAL_Driver/Src/stm32l4xx_hal_exti.o
LOAD ./Drivers/STM32L4xx_HAL_Driver/Src/stm32l4xx_hal_flash.o
LOAD ./Drivers/STM32L4xx_HAL_Driver/Src/stm32l4xx_hal_flash_ex.o
LOAD ./Drivers/STM32L4xx_HAL_Driver/Src/stm32l4xx_hal_flash_ramfunc.o
LOAD ./Drivers/STM32L4xx_HAL_Driver/Src/stm32l4xx_hal_gpio.o
LOAD ./Drivers/STM32L4xx_HAL_Driver/Src/stm32l4xx_hal_i2c.o
LOAD ./Drivers/STM32L4xx_HAL_Driver/Src/stm32l4xx_hal_i2c_ex.o
LOAD ./Drivers/STM32L4xx_HAL_Driver/Src/stm32l4xx_hal_pwr.o
LOAD ./Drivers/STM32L4xx_HAL_Driver/Src/stm32l4xx_hal_pwr_ex.o
LOAD ./Drivers/STM32L4xx_HAL_Driver/Src/stm32l4xx_hal_rcc.o
LOAD ./Drivers/STM32L4xx_HAL_Driver/Src/stm32l4xx_hal_rcc_ex.o
LOAD ./Drivers/STM32L4xx_HAL_Driver/Src/stm32l4xx_hal_tim.o
LOAD ./Drivers/STM32L4xx_HAL_Driver/Src/stm32l4xx_hal_tim_ex.o
LOAD ./Drivers/STM32L4xx_HAL_Driver/Src/stm32l4xx_hal_uart.o
LOAD ./Drivers/STM32L4xx_HAL_Driver/Src/stm32l4xx_hal_uart_ex.o
LOAD ./X-CUBE-AI/App/sine_model.o
LOAD ./X-CUBE-AI/App/sine_model_data.o
LOAD ./X-CUBE-AI/App/sine_model_data_params.o
LOAD ../Middlewares/ST/AI/Lib\NetworkRuntime1000_CM4_GCC.a
START GROUP
LOAD C:/ST/STM32CubeIDE_1.16.1/STM32CubeIDE/plugins/com.st.stm32cube.ide.mcu.externaltools.gnu-tools-for-stm32.12.3.rel1.win32_1.0.200.202406191623/tools/bin/../lib/gcc/arm-none-eabi/12.3.1/../../../../arm-none-eabi/lib/thumb/v7e-m+fp/hard\libc_nano.a
LOAD C:/ST/STM32CubeIDE_1.16.1/STM32CubeIDE/plugins/com.st.stm32cube.ide.mcu.externaltools.gnu-tools-for-stm32.12.3.rel1.win32_1.0.200.202406191623/tools/bin/../lib/gcc/arm-none-eabi/12.3.1/../../../../arm-none-eabi/lib/thumb/v7e-m+fp/hard\libm.a
END GROUP
START GROUP
LOAD C:/ST/STM32CubeIDE_1.16.1/STM32CubeIDE/plugins/com.st.stm32cube.ide.mcu.externaltools.gnu-tools-for-stm32.12.3.rel1.win32_1.0.200.202406191623/tools/bin/../lib/gcc/arm-none-eabi/12.3.1/thumb/v7e-m+fp/hard\libgcc.a
LOAD C:/ST/STM32CubeIDE_1.16.1/STM32CubeIDE/plugins/com.st.stm32cube.ide.mcu.externaltools.gnu-tools-for-stm32.12.3.rel1.win32_1.0.200.202406191623/tools/bin/../lib/gcc/arm-none-eabi/12.3.1/../../../../arm-none-eabi/lib/thumb/v7e-m+fp/hard\libc_nano.a
END GROUP
START GROUP
LOAD C:/ST/STM32CubeIDE_1.16.1/STM32CubeIDE/plugins/com.st.stm32cube.ide.mcu.externaltools.gnu-tools-for-stm32.12.3.rel1.win32_1.0.200.202406191623/tools/bin/../lib/gcc/arm-none-eabi/12.3.1/thumb/v7e-m+fp/hard\libgcc.a
LOAD C:/ST/STM32CubeIDE_1.16.1/STM32CubeIDE/plugins/com.st.stm32cube.ide.mcu.externaltools.gnu-tools-for-stm32.12.3.rel1.win32_1.0.200.202406191623/tools/bin/../lib/gcc/arm-none-eabi/12.3.1/../../../../arm-none-eabi/lib/thumb/v7e-m+fp/hard\libc_nano.a
LOAD C:/ST/STM32CubeIDE_1.16.1/STM32CubeIDE/plugins/com.st.stm32cube.ide.mcu.externaltools.gnu-tools-for-stm32.12.3.rel1.win32_1.0.200.202406191623/tools/bin/../lib/gcc/arm-none-eabi/12.3.1/../../../../arm-none-eabi/lib/thumb/v7e-m+fp/hard\libnosys.a
END GROUP
START GROUP
LOAD C:/ST/STM32CubeIDE_1.16.1/STM32CubeIDE/plugins/com.st.stm32cube.ide.mcu.externaltools.gnu-tools-for-stm32.12.3.rel1.win32_1.0.200.202406191623/tools/bin/../lib/gcc/arm-none-eabi/12.3.1/thumb/v7e-m+fp/hard\libgcc.a
LOAD C:/ST/STM32CubeIDE_1.16.1/STM32CubeIDE/plugins/com.st.stm32cube.ide.mcu.externaltools.gnu-tools-for-stm32.12.3.rel1.win32_1.0.200.202406191623/tools/bin/../lib/gcc/arm-none-eabi/12.3.1/../../../../arm-none-eabi/lib/thumb/v7e-m+fp/hard\libc_nano.a
LOAD C:/ST/STM32CubeIDE_1.16.1/STM32CubeIDE/plugins/com.st.stm32cube.ide.mcu.externaltools.gnu-tools-for-stm32.12.3.rel1.win32_1.0.200.202406191623/tools/bin/../lib/gcc/arm-none-eabi/12.3.1/../../../../arm-none-eabi/lib/thumb/v7e-m+fp/hard\libnosys.a
END GROUP
LOAD C:/ST/STM32CubeIDE_1.16.1/STM32CubeIDE/plugins/com.st.stm32cube.ide.mcu.externaltools.gnu-tools-for-stm32.12.3.rel1.win32_1.0.200.202406191623/tools/bin/../lib/gcc/arm-none-eabi/12.3.1/thumb/v7e-m+fp/hard/crtend.o
LOAD C:/ST/STM32CubeIDE_1.16.1/STM32CubeIDE/plugins/com.st.stm32cube.ide.mcu.externaltools.gnu-tools-for-stm32.12.3.rel1.win32_1.0.200.202406191623/tools/bin/../lib/gcc/arm-none-eabi/12.3.1/thumb/v7e-m+fp/hard/crtn.o
                0x20018000                        _estack = (ORIGIN (RAM) + LENGTH (RAM))
                0x00000800                        _Min_Heap_Size = 0x800
                0x00000800                        _Min_Stack_Size = 0x800

.isr_vector     0x08000000      0x188
                0x08000000                        . = ALIGN (0x4)
 *(.isr_vector)
 .isr_vector    0x08000000      0x188 ./Core/Startup/startup_stm32l476rgtx.o
                0x08000000                g_pfnVectors
                0x08000188                        . = ALIGN (0x4)

.text           0x08000190     0x9618
                0x08000190                        . = ALIGN (0x4)
 *(.text)
 .text          0x08000190       0x40 C:/ST/STM32CubeIDE_1.16.1/STM32CubeIDE/plugins/com.st.stm32cube.ide.mcu.externaltools.gnu-tools-for-stm32.12.3.rel1.win32_1.0.200.202406191623/tools/bin/../lib/gcc/arm-none-eabi/12.3.1/thumb/v7e-m+fp/hard/crtbegin.o
 .text          0x080001d0       0xa0 C:/ST/STM32CubeIDE_1.16.1/STM32CubeIDE/plugins/com.st.stm32cube.ide.mcu.externaltools.gnu-tools-for-stm32.12.3.rel1.win32_1.0.200.202406191623/tools/bin/../lib/gcc/arm-none-eabi/12.3.1/../../../../arm-none-eabi/lib/thumb/v7e-m+fp/hard\libc_nano.a(libc_a-memchr.o)
                0x080001d0                memchr
 .text          0x08000270       0x10 C:/ST/STM32CubeIDE_1.16.1/STM32CubeIDE/plugins/com.st.stm32cube.ide.mcu.externaltools.gnu-tools-for-stm32.12.3.rel1.win32_1.0.200.202406191623/tools/bin/../lib/gcc/arm-none-eabi/12.3.1/../../../../arm-none-eabi/lib/thumb/v7e-m+fp/hard\libc_nano.a(libc_a-strlen.o)
                0x08000270                strlen
 .text          0x08000280      0x378 C:/ST/STM32CubeIDE_1.16.1/STM32CubeIDE/plugins/com.st.stm32cube.ide.mcu.externaltools.gnu-tools-for-stm32.12.3.rel1.win32_1.0.200.202406191623/tools/bin/../lib/gcc/arm-none-eabi/12.3.1/thumb/v7e-m+fp/hard\libgcc.a(_arm_addsubdf3.o)
                0x08000280                __aeabi_drsub
                0x08000288                __aeabi_dsub
                0x08000288                __subdf3
                0x0800028c                __aeabi_dadd
                0x0800028c                __adddf3
                0x08000504                __floatunsidf
                0x08000504                __aeabi_ui2d
                0x08000524                __floatsidf
                0x08000524                __aeabi_i2d
                0x08000548                __aeabi_f2d
                0x08000548                __extendsfdf2
                0x0800058c                __floatundidf
                0x0800058c                __aeabi_ul2d
                0x0800059c                __floatdidf
                0x0800059c                __aeabi_l2d
 .text          0x080005f8      0x424 C:/ST/STM32CubeIDE_1.16.1/STM32CubeIDE/plugins/com.st.stm32cube.ide.mcu.externaltools.gnu-tools-for-stm32.12.3.rel1.win32_1.0.200.202406191623/tools/bin/../lib/gcc/arm-none-eabi/12.3.1/thumb/v7e-m+fp/hard\libgcc.a(_arm_muldivdf3.o)
                0x080005f8                __aeabi_dmul
                0x080005f8                __muldf3
                0x0800084c                __divdf3
                0x0800084c                __aeabi_ddiv
 .text          0x08000a1c      0x110 C:/ST/STM32CubeIDE_1.16.1/STM32CubeIDE/plugins/com.st.stm32cube.ide.mcu.externaltools.gnu-tools-for-stm32.12.3.rel1.win32_1.0.200.202406191623/tools/bin/../lib/gcc/arm-none-eabi/12.3.1/thumb/v7e-m+fp/hard\libgcc.a(_arm_cmpdf2.o)
                0x08000a1c                __gtdf2
                0x08000a1c                __gedf2
                0x08000a24                __ltdf2
                0x08000a24                __ledf2
                0x08000a2c                __nedf2
                0x08000a2c                __eqdf2
                0x08000a2c                __cmpdf2
                0x08000aa8                __aeabi_cdrcmple
                0x08000ab8                __aeabi_cdcmpeq
                0x08000ab8                __aeabi_cdcmple
                0x08000ac8                __aeabi_dcmpeq
                0x08000adc                __aeabi_dcmplt
                0x08000af0                __aeabi_dcmple
                0x08000b04                __aeabi_dcmpge
                0x08000b18                __aeabi_dcmpgt
 .text          0x08000b2c       0x2c C:/ST/STM32CubeIDE_1.16.1/STM32CubeIDE/plugins/com.st.stm32cube.ide.mcu.externaltools.gnu-tools-for-stm32.12.3.rel1.win32_1.0.200.202406191623/tools/bin/../lib/gcc/arm-none-eabi/12.3.1/thumb/v7e-m+fp/hard\libgcc.a(_arm_unorddf2.o)
                0x08000b2c                __unorddf2
                0x08000b2c                __aeabi_dcmpun
 .text          0x08000b58       0x50 C:/ST/STM32CubeIDE_1.16.1/STM32CubeIDE/plugins/com.st.stm32cube.ide.mcu.externaltools.gnu-tools-for-stm32.12.3.rel1.win32_1.0.200.202406191623/tools/bin/../lib/gcc/arm-none-eabi/12.3.1/thumb/v7e-m+fp/hard\libgcc.a(_arm_fixdfsi.o)
                0x08000b58                __aeabi_d2iz
                0x08000b58                __fixdfsi
 .text          0x08000ba8       0x30 C:/ST/STM32CubeIDE_1.16.1/STM32CubeIDE/plugins/com.st.stm32cube.ide.mcu.externaltools.gnu-tools-for-stm32.12.3.rel1.win32_1.0.200.202406191623/tools/bin/../lib/gcc/arm-none-eabi/12.3.1/thumb/v7e-m+fp/hard\libgcc.a(_aeabi_uldivmod.o)
                0x08000ba8                __aeabi_uldivmod
 .text          0x08000bd8      0x2bc C:/ST/STM32CubeIDE_1.16.1/STM32CubeIDE/plugins/com.st.stm32cube.ide.mcu.externaltools.gnu-tools-for-stm32.12.3.rel1.win32_1.0.200.202406191623/tools/bin/../lib/gcc/arm-none-eabi/12.3.1/thumb/v7e-m+fp/hard\libgcc.a(_udivmoddi4.o)
                0x08000bd8                __udivmoddi4
 .text          0x08000e94        0x4 C:/ST/STM32CubeIDE_1.16.1/STM32CubeIDE/plugins/com.st.stm32cube.ide.mcu.externaltools.gnu-tools-for-stm32.12.3.rel1.win32_1.0.200.202406191623/tools/bin/../lib/gcc/arm-none-eabi/12.3.1/thumb/v7e-m+fp/hard\libgcc.a(_dvmd_tls.o)
                0x08000e94                __aeabi_idiv0
                0x08000e94                __aeabi_ldiv0
 *(.text*)
 .text.mapPWM   0x08000e98       0x68 ./Core/Src/main.o
                0x08000e98                mapPWM
 .text.main     0x08000f00      0x274 ./Core/Src/main.o
                0x08000f00                main
 .text.SystemClock_Config
                0x08001174       0xa2 ./Core/Src/main.o
                0x08001174                SystemClock_Config
 *fill*         0x08001216        0x2 
 .text.MX_TIM2_Init
                0x08001218       0xb0 ./Core/Src/main.o
 .text.MX_USART2_UART_Init
                0x080012c8       0x60 ./Core/Src/main.o
 .text.MX_GPIO_Init
                0x08001328      0x100 ./Core/Src/main.o
 .text.Error_Handler
                0x08001428        0xc ./Core/Src/main.o
                0x08001428                Error_Handler
 .text.HAL_MspInit
                0x08001434       0x48 ./Core/Src/stm32l4xx_hal_msp.o
                0x08001434                HAL_MspInit
 .text.HAL_TIM_PWM_MspInit
                0x0800147c       0x48 ./Core/Src/stm32l4xx_hal_msp.o
                0x0800147c                HAL_TIM_PWM_MspInit
 .text.HAL_TIM_MspPostInit
                0x080014c4       0x68 ./Core/Src/stm32l4xx_hal_msp.o
                0x080014c4                HAL_TIM_MspPostInit
 .text.HAL_UART_MspInit
                0x0800152c       0xb8 ./Core/Src/stm32l4xx_hal_msp.o
                0x0800152c                HAL_UART_MspInit
 .text.NMI_Handler
                0x080015e4        0x8 ./Core/Src/stm32l4xx_it.o
                0x080015e4                NMI_Handler
 .text.HardFault_Handler
                0x080015ec        0x8 ./Core/Src/stm32l4xx_it.o
                0x080015ec                HardFault_Handler
 .text.MemManage_Handler
                0x080015f4        0x8 ./Core/Src/stm32l4xx_it.o
                0x080015f4                MemManage_Handler
 .text.BusFault_Handler
                0x080015fc        0x8 ./Core/Src/stm32l4xx_it.o
                0x080015fc                BusFault_Handler
 .text.UsageFault_Handler
                0x08001604        0x8 ./Core/Src/stm32l4xx_it.o
                0x08001604                UsageFault_Handler
 .text.SVC_Handler
                0x0800160c        0xe ./Core/Src/stm32l4xx_it.o
                0x0800160c                SVC_Handler
 .text.DebugMon_Handler
                0x0800161a        0xe ./Core/Src/stm32l4xx_it.o
                0x0800161a                DebugMon_Handler
 .text.PendSV_Handler
                0x08001628        0xe ./Core/Src/stm32l4xx_it.o
                0x08001628                PendSV_Handler
 .text.SysTick_Handler
                0x08001636        0xc ./Core/Src/stm32l4xx_it.o
                0x08001636                SysTick_Handler
 *fill*         0x08001642        0x2 
 .text.TIM2_IRQHandler
                0x08001644       0x14 ./Core/Src/stm32l4xx_it.o
                0x08001644                TIM2_IRQHandler
 .text._sbrk    0x08001658       0x6c ./Core/Src/sysmem.o
                0x08001658                _sbrk
 .text.SystemInit
                0x080016c4       0x24 ./Core/Src/system_stm32l4xx.o
                0x080016c4                SystemInit
 .text.Reset_Handler
                0x080016e8       0x50 ./Core/Startup/startup_stm32l476rgtx.o
                0x080016e8                Reset_Handler
 .text.Default_Handler
                0x08001738        0x2 ./Core/Startup/startup_stm32l476rgtx.o
                0x08001738                RTC_Alarm_IRQHandler
                0x08001738                EXTI2_IRQHandler
                0x08001738                TIM8_TRG_COM_IRQHandler
                0x08001738                TIM8_CC_IRQHandler
                0x08001738                TIM1_CC_IRQHandler
                0x08001738                TSC_IRQHandler
                0x08001738                TAMP_STAMP_IRQHandler
                0x08001738                EXTI3_IRQHandler
                0x08001738                LPTIM2_IRQHandler
                0x08001738                DFSDM1_FLT1_IRQHandler
                0x08001738                I2C3_ER_IRQHandler
                0x08001738                DFSDM1_FLT2_IRQHandler
                0x08001738                EXTI0_IRQHandler
                0x08001738                I2C2_EV_IRQHandler
                0x08001738                CAN1_RX0_IRQHandler
                0x08001738                FPU_IRQHandler
                0x08001738                TIM1_UP_TIM16_IRQHandler
                0x08001738                ADC1_2_IRQHandler
                0x08001738                SPI1_IRQHandler
                0x08001738                TIM6_DAC_IRQHandler
                0x08001738                TIM8_UP_IRQHandler
                0x08001738                DMA2_Channel2_IRQHandler
                0x08001738                DMA1_Channel4_IRQHandler
                0x08001738                SAI2_IRQHandler
                0x08001738                DFSDM1_FLT3_IRQHandler
                0x08001738                USART3_IRQHandler
                0x08001738                DMA1_Channel7_IRQHandler
                0x08001738                CAN1_RX1_IRQHandler
                0x08001738                LCD_IRQHandler
                0x08001738                UART5_IRQHandler
                0x08001738                ADC3_IRQHandler
                0x08001738                TIM4_IRQHandler
                0x08001738                DMA2_Channel1_IRQHandler
                0x08001738                QUADSPI_IRQHandler
                0x08001738                I2C1_EV_IRQHandler
                0x08001738                DMA1_Channel6_IRQHandler
                0x08001738                UART4_IRQHandler
                0x08001738                DMA2_Channel4_IRQHandler
                0x08001738                TIM3_IRQHandler
                0x08001738                RCC_IRQHandler
                0x08001738                DMA1_Channel1_IRQHandler
                0x08001738                Default_Handler
                0x08001738                DMA2_Channel7_IRQHandler
                0x08001738                EXTI15_10_IRQHandler
                0x08001738                TIM7_IRQHandler
                0x08001738                SDMMC1_IRQHandler
                0x08001738                TIM5_IRQHandler
                0x08001738                I2C3_EV_IRQHandler
                0x08001738                EXTI9_5_IRQHandler
                0x08001738                RTC_WKUP_IRQHandler
                0x08001738                PVD_PVM_IRQHandler
                0x08001738                SPI2_IRQHandler
                0x08001738                CAN1_TX_IRQHandler
                0x08001738                DMA2_Channel5_IRQHandler
                0x08001738                DMA1_Channel5_IRQHandler
                0x08001738                EXTI4_IRQHandler
                0x08001738                RNG_IRQHandler
                0x08001738                TIM1_TRG_COM_TIM17_IRQHandler
                0x08001738                DMA1_Channel3_IRQHandler
                0x08001738                COMP_IRQHandler
                0x08001738                WWDG_IRQHandler
                0x08001738                LPUART1_IRQHandler
                0x08001738                DMA2_Channel6_IRQHandler
                0x08001738                EXTI1_IRQHandler
                0x08001738                USART2_IRQHandler
                0x08001738                DFSDM1_FLT0_IRQHandler
                0x08001738                I2C2_ER_IRQHandler
                0x08001738                DMA1_Channel2_IRQHandler
                0x08001738                TIM8_BRK_IRQHandler
                0x08001738                CAN1_SCE_IRQHandler
                0x08001738                FLASH_IRQHandler
                0x08001738                USART1_IRQHandler
                0x08001738                OTG_FS_IRQHandler
                0x08001738                SPI3_IRQHandler
                0x08001738                I2C1_ER_IRQHandler
                0x08001738                FMC_IRQHandler
                0x08001738                SWPMI1_IRQHandler
                0x08001738                LPTIM1_IRQHandler
                0x08001738                SAI1_IRQHandler
                0x08001738                DMA2_Channel3_IRQHandler
                0x08001738                TIM1_BRK_TIM15_IRQHandler
 *fill*         0x0800173a        0x2 
 .text.HAL_Init
                0x0800173c       0x40 ./Drivers/STM32L4xx_HAL_Driver/Src/stm32l4xx_hal.o
                0x0800173c                HAL_Init
 .text.HAL_InitTick
                0x0800177c       0x78 ./Drivers/STM32L4xx_HAL_Driver/Src/stm32l4xx_hal.o
                0x0800177c                HAL_InitTick
 .text.HAL_IncTick
                0x080017f4       0x28 ./Drivers/STM32L4xx_HAL_Driver/Src/stm32l4xx_hal.o
                0x080017f4                HAL_IncTick
 .text.HAL_GetTick
                0x0800181c       0x18 ./Drivers/STM32L4xx_HAL_Driver/Src/stm32l4xx_hal.o
                0x0800181c                HAL_GetTick
 .text.HAL_Delay
                0x08001834       0x48 ./Drivers/STM32L4xx_HAL_Driver/Src/stm32l4xx_hal.o
                0x08001834                HAL_Delay
 .text.__NVIC_SetPriorityGrouping
                0x0800187c       0x48 ./Drivers/STM32L4xx_HAL_Driver/Src/stm32l4xx_hal_cortex.o
 .text.__NVIC_GetPriorityGrouping
                0x080018c4       0x1c ./Drivers/STM32L4xx_HAL_Driver/Src/stm32l4xx_hal_cortex.o
 .text.__NVIC_EnableIRQ
                0x080018e0       0x3c ./Drivers/STM32L4xx_HAL_Driver/Src/stm32l4xx_hal_cortex.o
 .text.__NVIC_SetPriority
                0x0800191c       0x54 ./Drivers/STM32L4xx_HAL_Driver/Src/stm32l4xx_hal_cortex.o
 .text.NVIC_EncodePriority
                0x08001970       0x66 ./Drivers/STM32L4xx_HAL_Driver/Src/stm32l4xx_hal_cortex.o
 *fill*         0x080019d6        0x2 
 .text.SysTick_Config
                0x080019d8       0x44 ./Drivers/STM32L4xx_HAL_Driver/Src/stm32l4xx_hal_cortex.o
 .text.HAL_NVIC_SetPriorityGrouping
                0x08001a1c       0x16 ./Drivers/STM32L4xx_HAL_Driver/Src/stm32l4xx_hal_cortex.o
                0x08001a1c                HAL_NVIC_SetPriorityGrouping
 .text.HAL_NVIC_SetPriority
                0x08001a32       0x38 ./Drivers/STM32L4xx_HAL_Driver/Src/stm32l4xx_hal_cortex.o
                0x08001a32                HAL_NVIC_SetPriority
 .text.HAL_NVIC_EnableIRQ
                0x08001a6a       0x1c ./Drivers/STM32L4xx_HAL_Driver/Src/stm32l4xx_hal_cortex.o
                0x08001a6a                HAL_NVIC_EnableIRQ
 .text.HAL_SYSTICK_Config
                0x08001a86       0x18 ./Drivers/STM32L4xx_HAL_Driver/Src/stm32l4xx_hal_cortex.o
                0x08001a86                HAL_SYSTICK_Config
 *fill*         0x08001a9e        0x2 
 .text.HAL_GPIO_Init
                0x08001aa0      0x354 ./Drivers/STM32L4xx_HAL_Driver/Src/stm32l4xx_hal_gpio.o
                0x08001aa0                HAL_GPIO_Init
 .text.HAL_GPIO_WritePin
                0x08001df4       0x30 ./Drivers/STM32L4xx_HAL_Driver/Src/stm32l4xx_hal_gpio.o
                0x08001df4                HAL_GPIO_WritePin
 .text.HAL_PWREx_GetVoltageRange
                0x08001e24       0x1c ./Drivers/STM32L4xx_HAL_Driver/Src/stm32l4xx_hal_pwr_ex.o
                0x08001e24                HAL_PWREx_GetVoltageRange
 .text.HAL_PWREx_ControlVoltageScaling
                0x08001e40       0xac ./Drivers/STM32L4xx_HAL_Driver/Src/stm32l4xx_hal_pwr_ex.o
                0x08001e40                HAL_PWREx_ControlVoltageScaling
 .text.HAL_RCC_OscConfig
                0x08001eec      0x7b8 ./Drivers/STM32L4xx_HAL_Driver/Src/stm32l4xx_hal_rcc.o
                0x08001eec                HAL_RCC_OscConfig
 .text.HAL_RCC_ClockConfig
                0x080026a4      0x200 ./Drivers/STM32L4xx_HAL_Driver/Src/stm32l4xx_hal_rcc.o
                0x080026a4                HAL_RCC_ClockConfig
 .text.HAL_RCC_GetSysClockFreq
                0x080028a4      0x118 ./Drivers/STM32L4xx_HAL_Driver/Src/stm32l4xx_hal_rcc.o
                0x080028a4                HAL_RCC_GetSysClockFreq
 .text.HAL_RCC_GetHCLKFreq
                0x080029bc       0x18 ./Drivers/STM32L4xx_HAL_Driver/Src/stm32l4xx_hal_rcc.o
                0x080029bc                HAL_RCC_GetHCLKFreq
 .text.HAL_RCC_GetPCLK1Freq
                0x080029d4       0x2c ./Drivers/STM32L4xx_HAL_Driver/Src/stm32l4xx_hal_rcc.o
                0x080029d4                HAL_RCC_GetPCLK1Freq
 .text.HAL_RCC_GetPCLK2Freq
                0x08002a00       0x2c ./Drivers/STM32L4xx_HAL_Driver/Src/stm32l4xx_hal_rcc.o
                0x08002a00                HAL_RCC_GetPCLK2Freq
 .text.RCC_SetFlashLatencyFromMSIRange
                0x08002a2c       0xc0 ./Drivers/STM32L4xx_HAL_Driver/Src/stm32l4xx_hal_rcc.o
 .text.HAL_RCCEx_PeriphCLKConfig
                0x08002aec      0x5d4 ./Drivers/STM32L4xx_HAL_Driver/Src/stm32l4xx_hal_rcc_ex.o
                0x08002aec                HAL_RCCEx_PeriphCLKConfig
 .text.RCCEx_PLLSAI1_Config
                0x080030c0      0x1e8 ./Drivers/STM32L4xx_HAL_Driver/Src/stm32l4xx_hal_rcc_ex.o
 .text.RCCEx_PLLSAI2_Config
                0x080032a8      0x1bc ./Drivers/STM32L4xx_HAL_Driver/Src/stm32l4xx_hal_rcc_ex.o
 .text.HAL_TIM_PWM_Init
                0x08003464       0xae ./Drivers/STM32L4xx_HAL_Driver/Src/stm32l4xx_hal_tim.o
                0x08003464                HAL_TIM_PWM_Init
 *fill*         0x08003512        0x2 
 .text.HAL_TIM_PWM_Start
                0x08003514      0x20c ./Drivers/STM32L4xx_HAL_Driver/Src/stm32l4xx_hal_tim.o
                0x08003514                HAL_TIM_PWM_Start
 .text.HAL_TIM_IRQHandler
                0x08003720      0x20e ./Drivers/STM32L4xx_HAL_Driver/Src/stm32l4xx_hal_tim.o
                0x08003720                HAL_TIM_IRQHandler
 *fill*         0x0800392e        0x2 
 .text.HAL_TIM_PWM_ConfigChannel
                0x08003930      0x228 ./Drivers/STM32L4xx_HAL_Driver/Src/stm32l4xx_hal_tim.o
                0x08003930                HAL_TIM_PWM_ConfigChannel
 .text.HAL_TIM_PeriodElapsedCallback
                0x08003b58       0x14 ./Drivers/STM32L4xx_HAL_Driver/Src/stm32l4xx_hal_tim.o
                0x08003b58                HAL_TIM_PeriodElapsedCallback
 .text.HAL_TIM_OC_DelayElapsedCallback
                0x08003b6c       0x14 ./Drivers/STM32L4xx_HAL_Driver/Src/stm32l4xx_hal_tim.o
                0x08003b6c                HAL_TIM_OC_DelayElapsedCallback
 .text.HAL_TIM_IC_CaptureCallback
                0x08003b80       0x14 ./Drivers/STM32L4xx_HAL_Driver/Src/stm32l4xx_hal_tim.o
                0x08003b80                HAL_TIM_IC_CaptureCallback
 .text.HAL_TIM_PWM_PulseFinishedCallback
                0x08003b94       0x14 ./Drivers/STM32L4xx_HAL_Driver/Src/stm32l4xx_hal_tim.o
                0x08003b94                HAL_TIM_PWM_PulseFinishedCallback
 .text.HAL_TIM_TriggerCallback
                0x08003ba8       0x14 ./Drivers/STM32L4xx_HAL_Driver/Src/stm32l4xx_hal_tim.o
                0x08003ba8                HAL_TIM_TriggerCallback
 .text.TIM_Base_SetConfig
                0x08003bbc      0x14c ./Drivers/STM32L4xx_HAL_Driver/Src/stm32l4xx_hal_tim.o
                0x08003bbc                TIM_Base_SetConfig
 .text.TIM_OC1_SetConfig
                0x08003d08      0x120 ./Drivers/STM32L4xx_HAL_Driver/Src/stm32l4xx_hal_tim.o
 .text.TIM_OC2_SetConfig
                0x08003e28      0x114 ./Drivers/STM32L4xx_HAL_Driver/Src/stm32l4xx_hal_tim.o
                0x08003e28                TIM_OC2_SetConfig
 .text.TIM_OC3_SetConfig
                0x08003f3c      0x110 ./Drivers/STM32L4xx_HAL_Driver/Src/stm32l4xx_hal_tim.o
 .text.TIM_OC4_SetConfig
                0x0800404c       0xd4 ./Drivers/STM32L4xx_HAL_Driver/Src/stm32l4xx_hal_tim.o
 .text.TIM_OC5_SetConfig
                0x08004120       0xc8 ./Drivers/STM32L4xx_HAL_Driver/Src/stm32l4xx_hal_tim.o
 .text.TIM_OC6_SetConfig
                0x080041e8       0xcc ./Drivers/STM32L4xx_HAL_Driver/Src/stm32l4xx_hal_tim.o
 .text.TIM_CCxChannelCmd
                0x080042b4       0x4a ./Drivers/STM32L4xx_HAL_Driver/Src/stm32l4xx_hal_tim.o
                0x080042b4                TIM_CCxChannelCmd
 *fill*         0x080042fe        0x2 
 .text.HAL_TIMEx_MasterConfigSynchronization
                0x08004300      0x110 ./Drivers/STM32L4xx_HAL_Driver/Src/stm32l4xx_hal_tim_ex.o
                0x08004300                HAL_TIMEx_MasterConfigSynchronization
 .text.HAL_TIMEx_CommutCallback
                0x08004410       0x14 ./Drivers/STM32L4xx_HAL_Driver/Src/stm32l4xx_hal_tim_ex.o
                0x08004410                HAL_TIMEx_CommutCallback
 .text.HAL_TIMEx_BreakCallback
                0x08004424       0x14 ./Drivers/STM32L4xx_HAL_Driver/Src/stm32l4xx_hal_tim_ex.o
                0x08004424                HAL_TIMEx_BreakCallback
 .text.HAL_TIMEx_Break2Callback
                0x08004438       0x14 ./Drivers/STM32L4xx_HAL_Driver/Src/stm32l4xx_hal_tim_ex.o
                0x08004438                HAL_TIMEx_Break2Callback
 .text.HAL_UART_Init
                0x0800444c       0x9c ./Drivers/STM32L4xx_HAL_Driver/Src/stm32l4xx_hal_uart.o
                0x0800444c                HAL_UART_Init
 .text.HAL_UART_Transmit
                0x080044e8      0x112 ./Drivers/STM32L4xx_HAL_Driver/Src/stm32l4xx_hal_uart.o
                0x080044e8                HAL_UART_Transmit
 *fill*         0x080045fa        0x2 
 .text.UART_SetConfig
                0x080045fc      0x570 ./Drivers/STM32L4xx_HAL_Driver/Src/stm32l4xx_hal_uart.o
                0x080045fc                UART_SetConfig
 .text.UART_AdvFeatureConfig
                0x08004b6c      0x144 ./Drivers/STM32L4xx_HAL_Driver/Src/stm32l4xx_hal_uart.o
                0x08004b6c                UART_AdvFeatureConfig
 .text.UART_CheckIdleState
                0x08004cb0      0x150 ./Drivers/STM32L4xx_HAL_Driver/Src/stm32l4xx_hal_uart.o
                0x08004cb0                UART_CheckIdleState
 .text.UART_WaitOnFlagUntilTimeout
                0x08004e00       0xda ./Drivers/STM32L4xx_HAL_Driver/Src/stm32l4xx_hal_uart.o
                0x08004e00                UART_WaitOnFlagUntilTimeout
 .text.UART_EndRxTransfer
                0x08004eda       0xc8 ./Drivers/STM32L4xx_HAL_Driver/Src/stm32l4xx_hal_uart.o
 *fill*         0x08004fa2        0x2 
 .text.sine_model_configure_activations
                0x08004fa4       0xc0 ./X-CUBE-AI/App/sine_model.o
 .text.sine_model_configure_weights
                0x08005064      0x118 ./X-CUBE-AI/App/sine_model.o
 .text.ai_sine_model_create
                0x0800517c       0x2c ./X-CUBE-AI/App/sine_model.o
                0x0800517c                ai_sine_model_create
 .text.ai_sine_model_init
                0x080051a8       0x78 ./X-CUBE-AI/App/sine_model.o
                0x080051a8                ai_sine_model_init
 .text.ai_sine_model_run
                0x08005220       0x20 ./X-CUBE-AI/App/sine_model.o
                0x08005220                ai_sine_model_run
 .text.ai_sine_model_data_activations_buffer_get
                0x08005240       0x68 ./X-CUBE-AI/App/sine_model_data.o
                0x08005240                ai_sine_model_data_activations_buffer_get
 .text.ai_sine_model_data_weights_buffer_get
                0x080052a8       0x68 ./X-CUBE-AI/App/sine_model_data.o
                0x080052a8                ai_sine_model_data_weights_buffer_get
 .text.ai_sine_model_data_weights_get
                0x08005310       0x14 ./X-CUBE-AI/App/sine_model_data.o
                0x08005310                ai_sine_model_data_weights_get
 .text.ai_buffer_get_size
                0x08005324       0x68 ../Middlewares/ST/AI/Lib\NetworkRuntime1000_CM4_GCC.a(ai_platform.o)
                0x08005324                ai_buffer_get_size
 .text.ai_buffer_array_sane
                0x0800538c       0x14 ../Middlewares/ST/AI/Lib\NetworkRuntime1000_CM4_GCC.a(ai_platform.o)
                0x0800538c                ai_buffer_array_sane
 .text.ai_platform_get_weights_map
                0x080053a0       0xa8 ../Middlewares/ST/AI/Lib\NetworkRuntime1000_CM4_GCC.a(ai_platform_interface.o)
                0x080053a0                ai_platform_get_weights_map
 .text.ai_platform_get_activations_map
                0x08005448       0xa8 ../Middlewares/ST/AI/Lib\NetworkRuntime1000_CM4_GCC.a(ai_platform_interface.o)
                0x08005448                ai_platform_get_activations_map
 .text.ai_platform_network_set_error
                0x080054f0        0xc ../Middlewares/ST/AI/Lib\NetworkRuntime1000_CM4_GCC.a(ai_platform_interface.o)
                0x080054f0                ai_platform_network_set_error
 .text.ai_platform_network_create
                0x080054fc       0x84 ../Middlewares/ST/AI/Lib\NetworkRuntime1000_CM4_GCC.a(ai_platform_interface.o)
                0x080054fc                ai_platform_network_create
 .text.ai_platform_network_init
                0x08005580      0x19c ../Middlewares/ST/AI/Lib\NetworkRuntime1000_CM4_GCC.a(ai_platform_interface.o)
                0x08005580                ai_platform_network_init
 .text.ai_platform_network_post_init
                0x0800571c       0x60 ../Middlewares/ST/AI/Lib\NetworkRuntime1000_CM4_GCC.a(ai_platform_interface.o)
                0x0800571c                ai_platform_network_post_init
 .text.ai_platform_network_process
                0x0800577c      0x480 ../Middlewares/ST/AI/Lib\NetworkRuntime1000_CM4_GCC.a(ai_platform_interface.o)
                0x0800577c                ai_platform_network_process
 .text.core_init
                0x08005bfc        0x4 ../Middlewares/ST/AI/Lib\NetworkRuntime1000_CM4_GCC.a(core_common.o)
                0x08005bfc                core_init
 .text.core_set_error
                0x08005c00       0x18 ../Middlewares/ST/AI/Lib\NetworkRuntime1000_CM4_GCC.a(core_common.o)
                0x08005c00                core_set_error
 .text.ai_check_custom_types
                0x08005c18       0x54 ../Middlewares/ST/AI/Lib\NetworkRuntime1000_CM4_GCC.a(layers.o)
                0x08005c18                ai_check_custom_types
 .text.ai_layers_init_all
                0x08005c6c       0x1c ../Middlewares/ST/AI/Lib\NetworkRuntime1000_CM4_GCC.a(layers.o)
                0x08005c6c                ai_layers_init_all
 .text.ai_layers_post_init_all
                0x08005c88       0x28 ../Middlewares/ST/AI/Lib\NetworkRuntime1000_CM4_GCC.a(layers.o)
                0x08005c88                ai_layers_post_init_all
 .text.ai_layers_forward_all
                0x08005cb0       0x94 ../Middlewares/ST/AI/Lib\NetworkRuntime1000_CM4_GCC.a(layers.o)
                0x08005cb0                ai_layers_forward_all
 .text.forward_dense
                0x08005d44       0xfc ../Middlewares/ST/AI/Lib\NetworkRuntime1000_CM4_GCC.a(layers_conv2d_generic_float.o)
                0x08005d44                forward_dense
 .text.forward_relu
                0x08005e40      0x138 ../Middlewares/ST/AI/Lib\NetworkRuntime1000_CM4_GCC.a(layers_nl_generic_float.o)
                0x08005e40                forward_relu
 .text.forward_lite_nl_relu_generic_if32of32_kernel
                0x08005f78       0xfc ../Middlewares/ST/AI/Lib\NetworkRuntime1000_CM4_GCC.a(lite_nl_relu_if32of32.o)
                0x08005f78                forward_lite_nl_relu_generic_if32of32_kernel
 .text.forward_lite_dense_if32of32wf32
                0x08006074      0x2b4 ../Middlewares/ST/AI/Lib\NetworkRuntime1000_CM4_GCC.a(lite_dense_if32.o)
                0x08006074                forward_lite_dense_if32of32wf32
 .text.forward_lite_dense_if32of32wf32_lut4
                0x08006328      0x250 ../Middlewares/ST/AI/Lib\NetworkRuntime1000_CM4_GCC.a(lite_dense_if32.o)
                0x08006328                forward_lite_dense_if32of32wf32_lut4
 .text.forward_lite_dense_if32of32wf32_lut8
                0x08006578      0x25c ../Middlewares/ST/AI/Lib\NetworkRuntime1000_CM4_GCC.a(lite_dense_if32.o)
                0x08006578                forward_lite_dense_if32of32wf32_lut8
 .text.st_int8_copy
                0x080067d4      0x144 ../Middlewares/ST/AI/Lib\NetworkRuntime1000_CM4_GCC.a(st_int8_fill.o)
                0x080067d4                st_int8_copy
 .text.ai_array_to_buffer_fmt
                0x08006918       0xe0 ../Middlewares/ST/AI/Lib\NetworkRuntime1000_CM4_GCC.a(ai_datatypes_format.o)
                0x08006918                ai_array_to_buffer_fmt
 .text.ai_array_get_data_byte_size
                0x080069f8       0x24 ../Middlewares/ST/AI/Lib\NetworkRuntime1000_CM4_GCC.a(ai_datatypes_format.o)
                0x080069f8                ai_array_get_data_byte_size
 .text.ai_version_get
                0x08006a1c        0xc ../Middlewares/ST/AI/Lib\NetworkRuntime1000_CM4_GCC.a(ai_datatypes_internal.o)
                0x08006a1c                ai_version_get
 .text.get_tensor_byte_size
                0x08006a28       0x30 ../Middlewares/ST/AI/Lib\NetworkRuntime1000_CM4_GCC.a(ai_datatypes_internal.o)
                0x08006a28                get_tensor_byte_size
 .text.malloc   0x08006a58       0x10 C:/ST/STM32CubeIDE_1.16.1/STM32CubeIDE/plugins/com.st.stm32cube.ide.mcu.externaltools.gnu-tools-for-stm32.12.3.rel1.win32_1.0.200.202406191623/tools/bin/../lib/gcc/arm-none-eabi/12.3.1/../../../../arm-none-eabi/lib/thumb/v7e-m+fp/hard\libc_nano.a(libc_a-malloc.o)
                0x08006a58                malloc
 .text.sbrk_aligned
                0x08006a68       0x44 C:/ST/STM32CubeIDE_1.16.1/STM32CubeIDE/plugins/com.st.stm32cube.ide.mcu.externaltools.gnu-tools-for-stm32.12.3.rel1.win32_1.0.200.202406191623/tools/bin/../lib/gcc/arm-none-eabi/12.3.1/../../../../arm-none-eabi/lib/thumb/v7e-m+fp/hard\libc_nano.a(libc_a-mallocr.o)
 .text._malloc_r
                0x08006aac      0x100 C:/ST/STM32CubeIDE_1.16.1/STM32CubeIDE/plugins/com.st.stm32cube.ide.mcu.externaltools.gnu-tools-for-stm32.12.3.rel1.win32_1.0.200.202406191623/tools/bin/../lib/gcc/arm-none-eabi/12.3.1/../../../../arm-none-eabi/lib/thumb/v7e-m+fp/hard\libc_nano.a(libc_a-mallocr.o)
                0x08006aac                _malloc_r
 .text.__malloc_lock
                0x08006bac        0xc C:/ST/STM32CubeIDE_1.16.1/STM32CubeIDE/plugins/com.st.stm32cube.ide.mcu.externaltools.gnu-tools-for-stm32.12.3.rel1.win32_1.0.200.202406191623/tools/bin/../lib/gcc/arm-none-eabi/12.3.1/../../../../arm-none-eabi/lib/thumb/v7e-m+fp/hard\libc_nano.a(libc_a-mlock.o)
                0x08006bac                __malloc_lock
 .text.__malloc_unlock
                0x08006bb8        0xc C:/ST/STM32CubeIDE_1.16.1/STM32CubeIDE/plugins/com.st.stm32cube.ide.mcu.externaltools.gnu-tools-for-stm32.12.3.rel1.win32_1.0.200.202406191623/tools/bin/../lib/gcc/arm-none-eabi/12.3.1/../../../../arm-none-eabi/lib/thumb/v7e-m+fp/hard\libc_nano.a(libc_a-mlock.o)
                0x08006bb8                __malloc_unlock
 .text._realloc_r
                0x08006bc4       0x5c C:/ST/STM32CubeIDE_1.16.1/STM32CubeIDE/plugins/com.st.stm32cube.ide.mcu.externaltools.gnu-tools-for-stm32.12.3.rel1.win32_1.0.200.202406191623/tools/bin/../lib/gcc/arm-none-eabi/12.3.1/../../../../arm-none-eabi/lib/thumb/v7e-m+fp/hard\libc_nano.a(libc_a-reallocr.o)
                0x08006bc4                _realloc_r
 .text.__cvt    0x08006c20       0xca C:/ST/STM32CubeIDE_1.16.1/STM32CubeIDE/plugins/com.st.stm32cube.ide.mcu.externaltools.gnu-tools-for-stm32.12.3.rel1.win32_1.0.200.202406191623/tools/bin/../lib/gcc/arm-none-eabi/12.3.1/../../../../arm-none-eabi/lib/thumb/v7e-m+fp/hard\libc_nano.a(libc_a-nano-vfprintf_float.o)
                0x08006c20                __cvt
 .text.__exponent
                0x08006cea       0x74 C:/ST/STM32CubeIDE_1.16.1/STM32CubeIDE/plugins/com.st.stm32cube.ide.mcu.externaltools.gnu-tools-for-stm32.12.3.rel1.win32_1.0.200.202406191623/tools/bin/../lib/gcc/arm-none-eabi/12.3.1/../../../../arm-none-eabi/lib/thumb/v7e-m+fp/hard\libc_nano.a(libc_a-nano-vfprintf_float.o)
                0x08006cea                __exponent
 *fill*         0x08006d5e        0x2 
 .text._printf_float
                0x08006d60      0x454 C:/ST/STM32CubeIDE_1.16.1/STM32CubeIDE/plugins/com.st.stm32cube.ide.mcu.externaltools.gnu-tools-for-stm32.12.3.rel1.win32_1.0.200.202406191623/tools/bin/../lib/gcc/arm-none-eabi/12.3.1/../../../../arm-none-eabi/lib/thumb/v7e-m+fp/hard\libc_nano.a(libc_a-nano-vfprintf_float.o)
                0x08006d60                _printf_float
 .text._printf_common
                0x080071b4       0xda C:/ST/STM32CubeIDE_1.16.1/STM32CubeIDE/plugins/com.st.stm32cube.ide.mcu.externaltools.gnu-tools-for-stm32.12.3.rel1.win32_1.0.200.202406191623/tools/bin/../lib/gcc/arm-none-eabi/12.3.1/../../../../arm-none-eabi/lib/thumb/v7e-m+fp/hard\libc_nano.a(libc_a-nano-vfprintf_i.o)
                0x080071b4                _printf_common
 *fill*         0x0800728e        0x2 
 .text._printf_i
                0x08007290      0x240 C:/ST/STM32CubeIDE_1.16.1/STM32CubeIDE/plugins/com.st.stm32cube.ide.mcu.externaltools.gnu-tools-for-stm32.12.3.rel1.win32_1.0.200.202406191623/tools/bin/../lib/gcc/arm-none-eabi/12.3.1/../../../../arm-none-eabi/lib/thumb/v7e-m+fp/hard\libc_nano.a(libc_a-nano-vfprintf_i.o)
                0x08007290                _printf_i
 .text.std      0x080074d0       0x6c C:/ST/STM32CubeIDE_1.16.1/STM32CubeIDE/plugins/com.st.stm32cube.ide.mcu.externaltools.gnu-tools-for-stm32.12.3.rel1.win32_1.0.200.202406191623/tools/bin/../lib/gcc/arm-none-eabi/12.3.1/../../../../arm-none-eabi/lib/thumb/v7e-m+fp/hard\libc_nano.a(libc_a-findfp.o)
 .text.stdio_exit_handler
                0x0800753c       0x18 C:/ST/STM32CubeIDE_1.16.1/STM32CubeIDE/plugins/com.st.stm32cube.ide.mcu.externaltools.gnu-tools-for-stm32.12.3.rel1.win32_1.0.200.202406191623/tools/bin/../lib/gcc/arm-none-eabi/12.3.1/../../../../arm-none-eabi/lib/thumb/v7e-m+fp/hard\libc_nano.a(libc_a-findfp.o)
 .text.cleanup_stdio
                0x08007554       0x40 C:/ST/STM32CubeIDE_1.16.1/STM32CubeIDE/plugins/com.st.stm32cube.ide.mcu.externaltools.gnu-tools-for-stm32.12.3.rel1.win32_1.0.200.202406191623/tools/bin/../lib/gcc/arm-none-eabi/12.3.1/../../../../arm-none-eabi/lib/thumb/v7e-m+fp/hard\libc_nano.a(libc_a-findfp.o)
 .text.global_stdio_init.part.0
                0x08007594       0x3c C:/ST/STM32CubeIDE_1.16.1/STM32CubeIDE/plugins/com.st.stm32cube.ide.mcu.externaltools.gnu-tools-for-stm32.12.3.rel1.win32_1.0.200.202406191623/tools/bin/../lib/gcc/arm-none-eabi/12.3.1/../../../../arm-none-eabi/lib/thumb/v7e-m+fp/hard\libc_nano.a(libc_a-findfp.o)
 .text.__sfp_lock_acquire
                0x080075d0        0xc C:/ST/STM32CubeIDE_1.16.1/STM32CubeIDE/plugins/com.st.stm32cube.ide.mcu.externaltools.gnu-tools-for-stm32.12.3.rel1.win32_1.0.200.202406191623/tools/bin/../lib/gcc/arm-none-eabi/12.3.1/../../../../arm-none-eabi/lib/thumb/v7e-m+fp/hard\libc_nano.a(libc_a-findfp.o)
                0x080075d0                __sfp_lock_acquire
 .text.__sfp_lock_release
                0x080075dc        0xc C:/ST/STM32CubeIDE_1.16.1/STM32CubeIDE/plugins/com.st.stm32cube.ide.mcu.externaltools.gnu-tools-for-stm32.12.3.rel1.win32_1.0.200.202406191623/tools/bin/../lib/gcc/arm-none-eabi/12.3.1/../../../../arm-none-eabi/lib/thumb/v7e-m+fp/hard\libc_nano.a(libc_a-findfp.o)
                0x080075dc                __sfp_lock_release
 .text.__sinit  0x080075e8       0x30 C:/ST/STM32CubeIDE_1.16.1/STM32CubeIDE/plugins/com.st.stm32cube.ide.mcu.externaltools.gnu-tools-for-stm32.12.3.rel1.win32_1.0.200.202406191623/tools/bin/../lib/gcc/arm-none-eabi/12.3.1/../../../../arm-none-eabi/lib/thumb/v7e-m+fp/hard\libc_nano.a(libc_a-findfp.o)
                0x080075e8                __sinit
 .text._fwalk_sglue
                0x08007618       0x3c C:/ST/STM32CubeIDE_1.16.1/STM32CubeIDE/plugins/com.st.stm32cube.ide.mcu.externaltools.gnu-tools-for-stm32.12.3.rel1.win32_1.0.200.202406191623/tools/bin/../lib/gcc/arm-none-eabi/12.3.1/../../../../arm-none-eabi/lib/thumb/v7e-m+fp/hard\libc_nano.a(libc_a-fwalk.o)
                0x08007618                _fwalk_sglue
 .text.snprintf
                0x08007654       0x68 C:/ST/STM32CubeIDE_1.16.1/STM32CubeIDE/plugins/com.st.stm32cube.ide.mcu.externaltools.gnu-tools-for-stm32.12.3.rel1.win32_1.0.200.202406191623/tools/bin/../lib/gcc/arm-none-eabi/12.3.1/../../../../arm-none-eabi/lib/thumb/v7e-m+fp/hard\libc_nano.a(libc_a-snprintf.o)
                0x08007654                sniprintf
                0x08007654                snprintf
 .text.__sread  0x080076bc       0x22 C:/ST/STM32CubeIDE_1.16.1/STM32CubeIDE/plugins/com.st.stm32cube.ide.mcu.externaltools.gnu-tools-for-stm32.12.3.rel1.win32_1.0.200.202406191623/tools/bin/../lib/gcc/arm-none-eabi/12.3.1/../../../../arm-none-eabi/lib/thumb/v7e-m+fp/hard\libc_nano.a(libc_a-stdio.o)
                0x080076bc                __sread
 .text.__swrite
                0x080076de       0x38 C:/ST/STM32CubeIDE_1.16.1/STM32CubeIDE/plugins/com.st.stm32cube.ide.mcu.externaltools.gnu-tools-for-stm32.12.3.rel1.win32_1.0.200.202406191623/tools/bin/../lib/gcc/arm-none-eabi/12.3.1/../../../../arm-none-eabi/lib/thumb/v7e-m+fp/hard\libc_nano.a(libc_a-stdio.o)
                0x080076de                __swrite
 .text.__sseek  0x08007716       0x24 C:/ST/STM32CubeIDE_1.16.1/STM32CubeIDE/plugins/com.st.stm32cube.ide.mcu.externaltools.gnu-tools-for-stm32.12.3.rel1.win32_1.0.200.202406191623/tools/bin/../lib/gcc/arm-none-eabi/12.3.1/../../../../arm-none-eabi/lib/thumb/v7e-m+fp/hard\libc_nano.a(libc_a-stdio.o)
                0x08007716                __sseek
 .text.__sclose
                0x0800773a        0x8 C:/ST/STM32CubeIDE_1.16.1/STM32CubeIDE/plugins/com.st.stm32cube.ide.mcu.externaltools.gnu-tools-for-stm32.12.3.rel1.win32_1.0.200.202406191623/tools/bin/../lib/gcc/arm-none-eabi/12.3.1/../../../../arm-none-eabi/lib/thumb/v7e-m+fp/hard\libc_nano.a(libc_a-stdio.o)
                0x0800773a                __sclose
 .text.memset   0x08007742       0x10 C:/ST/STM32CubeIDE_1.16.1/STM32CubeIDE/plugins/com.st.stm32cube.ide.mcu.externaltools.gnu-tools-for-stm32.12.3.rel1.win32_1.0.200.202406191623/tools/bin/../lib/gcc/arm-none-eabi/12.3.1/../../../../arm-none-eabi/lib/thumb/v7e-m+fp/hard\libc_nano.a(libc_a-memset.o)
                0x08007742                memset
 *fill*         0x08007752        0x2 
 .text._localeconv_r
                0x08007754        0x8 C:/ST/STM32CubeIDE_1.16.1/STM32CubeIDE/plugins/com.st.stm32cube.ide.mcu.externaltools.gnu-tools-for-stm32.12.3.rel1.win32_1.0.200.202406191623/tools/bin/../lib/gcc/arm-none-eabi/12.3.1/../../../../arm-none-eabi/lib/thumb/v7e-m+fp/hard\libc_nano.a(libc_a-localeconv.o)
                0x08007754                _localeconv_r
 .text._close_r
                0x0800775c       0x20 C:/ST/STM32CubeIDE_1.16.1/STM32CubeIDE/plugins/com.st.stm32cube.ide.mcu.externaltools.gnu-tools-for-stm32.12.3.rel1.win32_1.0.200.202406191623/tools/bin/../lib/gcc/arm-none-eabi/12.3.1/../../../../arm-none-eabi/lib/thumb/v7e-m+fp/hard\libc_nano.a(libc_a-closer.o)
                0x0800775c                _close_r
 .text._lseek_r
                0x0800777c       0x24 C:/ST/STM32CubeIDE_1.16.1/STM32CubeIDE/plugins/com.st.stm32cube.ide.mcu.externaltools.gnu-tools-for-stm32.12.3.rel1.win32_1.0.200.202406191623/tools/bin/../lib/gcc/arm-none-eabi/12.3.1/../../../../arm-none-eabi/lib/thumb/v7e-m+fp/hard\libc_nano.a(libc_a-lseekr.o)
                0x0800777c                _lseek_r
 .text._read_r  0x080077a0       0x24 C:/ST/STM32CubeIDE_1.16.1/STM32CubeIDE/plugins/com.st.stm32cube.ide.mcu.externaltools.gnu-tools-for-stm32.12.3.rel1.win32_1.0.200.202406191623/tools/bin/../lib/gcc/arm-none-eabi/12.3.1/../../../../arm-none-eabi/lib/thumb/v7e-m+fp/hard\libc_nano.a(libc_a-readr.o)
                0x080077a0                _read_r
 .text._sbrk_r  0x080077c4       0x20 C:/ST/STM32CubeIDE_1.16.1/STM32CubeIDE/plugins/com.st.stm32cube.ide.mcu.externaltools.gnu-tools-for-stm32.12.3.rel1.win32_1.0.200.202406191623/tools/bin/../lib/gcc/arm-none-eabi/12.3.1/../../../../arm-none-eabi/lib/thumb/v7e-m+fp/hard\libc_nano.a(libc_a-sbrkr.o)
                0x080077c4                _sbrk_r
 .text._write_r
                0x080077e4       0x24 C:/ST/STM32CubeIDE_1.16.1/STM32CubeIDE/plugins/com.st.stm32cube.ide.mcu.externaltools.gnu-tools-for-stm32.12.3.rel1.win32_1.0.200.202406191623/tools/bin/../lib/gcc/arm-none-eabi/12.3.1/../../../../arm-none-eabi/lib/thumb/v7e-m+fp/hard\libc_nano.a(libc_a-writer.o)
                0x080077e4                _write_r
 .text.__errno  0x08007808        0xc C:/ST/STM32CubeIDE_1.16.1/STM32CubeIDE/plugins/com.st.stm32cube.ide.mcu.externaltools.gnu-tools-for-stm32.12.3.rel1.win32_1.0.200.202406191623/tools/bin/../lib/gcc/arm-none-eabi/12.3.1/../../../../arm-none-eabi/lib/thumb/v7e-m+fp/hard\libc_nano.a(libc_a-errno.o)
                0x08007808                __errno
 .text.__libc_init_array
                0x08007814       0x48 C:/ST/STM32CubeIDE_1.16.1/STM32CubeIDE/plugins/com.st.stm32cube.ide.mcu.externaltools.gnu-tools-for-stm32.12.3.rel1.win32_1.0.200.202406191623/tools/bin/../lib/gcc/arm-none-eabi/12.3.1/../../../../arm-none-eabi/lib/thumb/v7e-m+fp/hard\libc_nano.a(libc_a-init.o)
                0x08007814                __libc_init_array
 .text.__retarget_lock_init_recursive
                0x0800785c        0x2 C:/ST/STM32CubeIDE_1.16.1/STM32CubeIDE/plugins/com.st.stm32cube.ide.mcu.externaltools.gnu-tools-for-stm32.12.3.rel1.win32_1.0.200.202406191623/tools/bin/../lib/gcc/arm-none-eabi/12.3.1/../../../../arm-none-eabi/lib/thumb/v7e-m+fp/hard\libc_nano.a(libc_a-lock.o)
                0x0800785c                __retarget_lock_init_recursive
 .text.__retarget_lock_acquire_recursive
                0x0800785e        0x2 C:/ST/STM32CubeIDE_1.16.1/STM32CubeIDE/plugins/com.st.stm32cube.ide.mcu.externaltools.gnu-tools-for-stm32.12.3.rel1.win32_1.0.200.202406191623/tools/bin/../lib/gcc/arm-none-eabi/12.3.1/../../../../arm-none-eabi/lib/thumb/v7e-m+fp/hard\libc_nano.a(libc_a-lock.o)
                0x0800785e                __retarget_lock_acquire_recursive
 .text.__retarget_lock_release_recursive
                0x08007860        0x2 C:/ST/STM32CubeIDE_1.16.1/STM32CubeIDE/plugins/com.st.stm32cube.ide.mcu.externaltools.gnu-tools-for-stm32.12.3.rel1.win32_1.0.200.202406191623/tools/bin/../lib/gcc/arm-none-eabi/12.3.1/../../../../arm-none-eabi/lib/thumb/v7e-m+fp/hard\libc_nano.a(libc_a-lock.o)
                0x08007860                __retarget_lock_release_recursive
 .text.memcpy   0x08007862       0x1c C:/ST/STM32CubeIDE_1.16.1/STM32CubeIDE/plugins/com.st.stm32cube.ide.mcu.externaltools.gnu-tools-for-stm32.12.3.rel1.win32_1.0.200.202406191623/tools/bin/../lib/gcc/arm-none-eabi/12.3.1/../../../../arm-none-eabi/lib/thumb/v7e-m+fp/hard\libc_nano.a(libc_a-memcpy-stub.o)
                0x08007862                memcpy
 .text.quorem   0x0800787e      0x110 C:/ST/STM32CubeIDE_1.16.1/STM32CubeIDE/plugins/com.st.stm32cube.ide.mcu.externaltools.gnu-tools-for-stm32.12.3.rel1.win32_1.0.200.202406191623/tools/bin/../lib/gcc/arm-none-eabi/12.3.1/../../../../arm-none-eabi/lib/thumb/v7e-m+fp/hard\libc_nano.a(libc_a-dtoa.o)
 *fill*         0x0800798e        0x2 
 .text._dtoa_r  0x08007990      0xb88 C:/ST/STM32CubeIDE_1.16.1/STM32CubeIDE/plugins/com.st.stm32cube.ide.mcu.externaltools.gnu-tools-for-stm32.12.3.rel1.win32_1.0.200.202406191623/tools/bin/../lib/gcc/arm-none-eabi/12.3.1/../../../../arm-none-eabi/lib/thumb/v7e-m+fp/hard\libc_nano.a(libc_a-dtoa.o)
                0x08007990                _dtoa_r
 .text._free_r  0x08008518       0x94 C:/ST/STM32CubeIDE_1.16.1/STM32CubeIDE/plugins/com.st.stm32cube.ide.mcu.externaltools.gnu-tools-for-stm32.12.3.rel1.win32_1.0.200.202406191623/tools/bin/../lib/gcc/arm-none-eabi/12.3.1/../../../../arm-none-eabi/lib/thumb/v7e-m+fp/hard\libc_nano.a(libc_a-freer.o)
                0x08008518                _free_r
 .text._Balloc  0x080085ac       0x80 C:/ST/STM32CubeIDE_1.16.1/STM32CubeIDE/plugins/com.st.stm32cube.ide.mcu.externaltools.gnu-tools-for-stm32.12.3.rel1.win32_1.0.200.202406191623/tools/bin/../lib/gcc/arm-none-eabi/12.3.1/../../../../arm-none-eabi/lib/thumb/v7e-m+fp/hard\libc_nano.a(libc_a-mprec.o)
                0x080085ac                _Balloc
 .text._Bfree   0x0800862c       0x44 C:/ST/STM32CubeIDE_1.16.1/STM32CubeIDE/plugins/com.st.stm32cube.ide.mcu.externaltools.gnu-tools-for-stm32.12.3.rel1.win32_1.0.200.202406191623/tools/bin/../lib/gcc/arm-none-eabi/12.3.1/../../../../arm-none-eabi/lib/thumb/v7e-m+fp/hard\libc_nano.a(libc_a-mprec.o)
                0x0800862c                _Bfree
 .text.__multadd
                0x08008670       0x8c C:/ST/STM32CubeIDE_1.16.1/STM32CubeIDE/plugins/com.st.stm32cube.ide.mcu.externaltools.gnu-tools-for-stm32.12.3.rel1.win32_1.0.200.202406191623/tools/bin/../lib/gcc/arm-none-eabi/12.3.1/../../../../arm-none-eabi/lib/thumb/v7e-m+fp/hard\libc_nano.a(libc_a-mprec.o)
                0x08008670                __multadd
 .text.__hi0bits
                0x080086fc       0x3e C:/ST/STM32CubeIDE_1.16.1/STM32CubeIDE/plugins/com.st.stm32cube.ide.mcu.externaltools.gnu-tools-for-stm32.12.3.rel1.win32_1.0.200.202406191623/tools/bin/../lib/gcc/arm-none-eabi/12.3.1/../../../../arm-none-eabi/lib/thumb/v7e-m+fp/hard\libc_nano.a(libc_a-mprec.o)
                0x080086fc                __hi0bits
 .text.__lo0bits
                0x0800873a       0x5a C:/ST/STM32CubeIDE_1.16.1/STM32CubeIDE/plugins/com.st.stm32cube.ide.mcu.externaltools.gnu-tools-for-stm32.12.3.rel1.win32_1.0.200.202406191623/tools/bin/../lib/gcc/arm-none-eabi/12.3.1/../../../../arm-none-eabi/lib/thumb/v7e-m+fp/hard\libc_nano.a(libc_a-mprec.o)
                0x0800873a                __lo0bits
 .text.__i2b    0x08008794       0x2c C:/ST/STM32CubeIDE_1.16.1/STM32CubeIDE/plugins/com.st.stm32cube.ide.mcu.externaltools.gnu-tools-for-stm32.12.3.rel1.win32_1.0.200.202406191623/tools/bin/../lib/gcc/arm-none-eabi/12.3.1/../../../../arm-none-eabi/lib/thumb/v7e-m+fp/hard\libc_nano.a(libc_a-mprec.o)
                0x08008794                __i2b
 .text.__multiply
                0x080087c0      0x154 C:/ST/STM32CubeIDE_1.16.1/STM32CubeIDE/plugins/com.st.stm32cube.ide.mcu.externaltools.gnu-tools-for-stm32.12.3.rel1.win32_1.0.200.202406191623/tools/bin/../lib/gcc/arm-none-eabi/12.3.1/../../../../arm-none-eabi/lib/thumb/v7e-m+fp/hard\libc_nano.a(libc_a-mprec.o)
                0x080087c0                __multiply
 .text.__pow5mult
                0x08008914       0xb4 C:/ST/STM32CubeIDE_1.16.1/STM32CubeIDE/plugins/com.st.stm32cube.ide.mcu.externaltools.gnu-tools-for-stm32.12.3.rel1.win32_1.0.200.202406191623/tools/bin/../lib/gcc/arm-none-eabi/12.3.1/../../../../arm-none-eabi/lib/thumb/v7e-m+fp/hard\libc_nano.a(libc_a-mprec.o)
                0x08008914                __pow5mult
 .text.__lshift
                0x080089c8       0xd8 C:/ST/STM32CubeIDE_1.16.1/STM32CubeIDE/plugins/com.st.stm32cube.ide.mcu.externaltools.gnu-tools-for-stm32.12.3.rel1.win32_1.0.200.202406191623/tools/bin/../lib/gcc/arm-none-eabi/12.3.1/../../../../arm-none-eabi/lib/thumb/v7e-m+fp/hard\libc_nano.a(libc_a-mprec.o)
                0x080089c8                __lshift
 .text.__mcmp   0x08008aa0       0x36 C:/ST/STM32CubeIDE_1.16.1/STM32CubeIDE/plugins/com.st.stm32cube.ide.mcu.externaltools.gnu-tools-for-stm32.12.3.rel1.win32_1.0.200.202406191623/tools/bin/../lib/gcc/arm-none-eabi/12.3.1/../../../../arm-none-eabi/lib/thumb/v7e-m+fp/hard\libc_nano.a(libc_a-mprec.o)
                0x08008aa0                __mcmp
 *fill*         0x08008ad6        0x2 
 .text.__mdiff  0x08008ad8      0x128 C:/ST/STM32CubeIDE_1.16.1/STM32CubeIDE/plugins/com.st.stm32cube.ide.mcu.externaltools.gnu-tools-for-stm32.12.3.rel1.win32_1.0.200.202406191623/tools/bin/../lib/gcc/arm-none-eabi/12.3.1/../../../../arm-none-eabi/lib/thumb/v7e-m+fp/hard\libc_nano.a(libc_a-mprec.o)
                0x08008ad8                __mdiff
 .text.__d2b    0x08008c00       0xb0 C:/ST/STM32CubeIDE_1.16.1/STM32CubeIDE/plugins/com.st.stm32cube.ide.mcu.externaltools.gnu-tools-for-stm32.12.3.rel1.win32_1.0.200.202406191623/tools/bin/../lib/gcc/arm-none-eabi/12.3.1/../../../../arm-none-eabi/lib/thumb/v7e-m+fp/hard\libc_nano.a(libc_a-mprec.o)
                0x08008c00                __d2b
 .text._malloc_usable_size_r
                0x08008cb0       0x10 C:/ST/STM32CubeIDE_1.16.1/STM32CubeIDE/plugins/com.st.stm32cube.ide.mcu.externaltools.gnu-tools-for-stm32.12.3.rel1.win32_1.0.200.202406191623/tools/bin/../lib/gcc/arm-none-eabi/12.3.1/../../../../arm-none-eabi/lib/thumb/v7e-m+fp/hard\libc_nano.a(libc_a-msizer.o)
                0x08008cb0                _malloc_usable_size_r
 .text.__ssputs_r
                0x08008cc0       0xb6 C:/ST/STM32CubeIDE_1.16.1/STM32CubeIDE/plugins/com.st.stm32cube.ide.mcu.externaltools.gnu-tools-for-stm32.12.3.rel1.win32_1.0.200.202406191623/tools/bin/../lib/gcc/arm-none-eabi/12.3.1/../../../../arm-none-eabi/lib/thumb/v7e-m+fp/hard\libc_nano.a(libc_a-nano-svfprintf.o)
                0x08008cc0                __ssputs_r
 *fill*         0x08008d76        0x2 
 .text._svfprintf_r
                0x08008d78      0x1f8 C:/ST/STM32CubeIDE_1.16.1/STM32CubeIDE/plugins/com.st.stm32cube.ide.mcu.externaltools.gnu-tools-for-stm32.12.3.rel1.win32_1.0.200.202406191623/tools/bin/../lib/gcc/arm-none-eabi/12.3.1/../../../../arm-none-eabi/lib/thumb/v7e-m+fp/hard\libc_nano.a(libc_a-nano-svfprintf.o)
                0x08008d78                _svfiprintf_r
                0x08008d78                _svfprintf_r
 .text.__sflush_r
                0x08008f70      0x108 C:/ST/STM32CubeIDE_1.16.1/STM32CubeIDE/plugins/com.st.stm32cube.ide.mcu.externaltools.gnu-tools-for-stm32.12.3.rel1.win32_1.0.200.202406191623/tools/bin/../lib/gcc/arm-none-eabi/12.3.1/../../../../arm-none-eabi/lib/thumb/v7e-m+fp/hard\libc_nano.a(libc_a-fflush.o)
                0x08008f70                __sflush_r
 .text._fflush_r
                0x08009078       0x50 C:/ST/STM32CubeIDE_1.16.1/STM32CubeIDE/plugins/com.st.stm32cube.ide.mcu.externaltools.gnu-tools-for-stm32.12.3.rel1.win32_1.0.200.202406191623/tools/bin/../lib/gcc/arm-none-eabi/12.3.1/../../../../arm-none-eabi/lib/thumb/v7e-m+fp/hard\libc_nano.a(libc_a-fflush.o)
                0x08009078                _fflush_r
 .text.memmove  0x080090c8       0x34 C:/ST/STM32CubeIDE_1.16.1/STM32CubeIDE/plugins/com.st.stm32cube.ide.mcu.externaltools.gnu-tools-for-stm32.12.3.rel1.win32_1.0.200.202406191623/tools/bin/../lib/gcc/arm-none-eabi/12.3.1/../../../../arm-none-eabi/lib/thumb/v7e-m+fp/hard\libc_nano.a(libc_a-memmove.o)
                0x080090c8                memmove
 .text.__assert_func
                0x080090fc       0x3c C:/ST/STM32CubeIDE_1.16.1/STM32CubeIDE/plugins/com.st.stm32cube.ide.mcu.externaltools.gnu-tools-for-stm32.12.3.rel1.win32_1.0.200.202406191623/tools/bin/../lib/gcc/arm-none-eabi/12.3.1/../../../../arm-none-eabi/lib/thumb/v7e-m+fp/hard\libc_nano.a(libc_a-assert.o)
                0x080090fc                __assert_func
 .text._calloc_r
                0x08009138       0x28 C:/ST/STM32CubeIDE_1.16.1/STM32CubeIDE/plugins/com.st.stm32cube.ide.mcu.externaltools.gnu-tools-for-stm32.12.3.rel1.win32_1.0.200.202406191623/tools/bin/../lib/gcc/arm-none-eabi/12.3.1/../../../../arm-none-eabi/lib/thumb/v7e-m+fp/hard\libc_nano.a(libc_a-callocr.o)
                0x08009138                _calloc_r
 .text.__ascii_mbtowc
                0x08009160       0x24 C:/ST/STM32CubeIDE_1.16.1/STM32CubeIDE/plugins/com.st.stm32cube.ide.mcu.externaltools.gnu-tools-for-stm32.12.3.rel1.win32_1.0.200.202406191623/tools/bin/../lib/gcc/arm-none-eabi/12.3.1/../../../../arm-none-eabi/lib/thumb/v7e-m+fp/hard\libc_nano.a(libc_a-mbtowc_r.o)
                0x08009160                __ascii_mbtowc
 .text.__ascii_wctomb
                0x08009184       0x1a C:/ST/STM32CubeIDE_1.16.1/STM32CubeIDE/plugins/com.st.stm32cube.ide.mcu.externaltools.gnu-tools-for-stm32.12.3.rel1.win32_1.0.200.202406191623/tools/bin/../lib/gcc/arm-none-eabi/12.3.1/../../../../arm-none-eabi/lib/thumb/v7e-m+fp/hard\libc_nano.a(libc_a-wctomb_r.o)
                0x08009184                __ascii_wctomb
 *fill*         0x0800919e        0x2 
 .text.fprintf  0x080091a0       0x24 C:/ST/STM32CubeIDE_1.16.1/STM32CubeIDE/plugins/com.st.stm32cube.ide.mcu.externaltools.gnu-tools-for-stm32.12.3.rel1.win32_1.0.200.202406191623/tools/bin/../lib/gcc/arm-none-eabi/12.3.1/../../../../arm-none-eabi/lib/thumb/v7e-m+fp/hard\libc_nano.a(libc_a-fprintf.o)
                0x080091a0                fiprintf
                0x080091a0                fprintf
 .text.abort    0x080091c4        0xe C:/ST/STM32CubeIDE_1.16.1/STM32CubeIDE/plugins/com.st.stm32cube.ide.mcu.externaltools.gnu-tools-for-stm32.12.3.rel1.win32_1.0.200.202406191623/tools/bin/../lib/gcc/arm-none-eabi/12.3.1/../../../../arm-none-eabi/lib/thumb/v7e-m+fp/hard\libc_nano.a(libc_a-abort.o)
                0x080091c4                abort
 .text.__sfputc_r
                0x080091d2       0x2e C:/ST/STM32CubeIDE_1.16.1/STM32CubeIDE/plugins/com.st.stm32cube.ide.mcu.externaltools.gnu-tools-for-stm32.12.3.rel1.win32_1.0.200.202406191623/tools/bin/../lib/gcc/arm-none-eabi/12.3.1/../../../../arm-none-eabi/lib/thumb/v7e-m+fp/hard\libc_nano.a(libc_a-nano-vfprintf.o)
 .text.__sfputs_r
                0x08009200       0x24 C:/ST/STM32CubeIDE_1.16.1/STM32CubeIDE/plugins/com.st.stm32cube.ide.mcu.externaltools.gnu-tools-for-stm32.12.3.rel1.win32_1.0.200.202406191623/tools/bin/../lib/gcc/arm-none-eabi/12.3.1/../../../../arm-none-eabi/lib/thumb/v7e-m+fp/hard\libc_nano.a(libc_a-nano-vfprintf.o)
                0x08009200                __sfputs_r
 .text._vfprintf_r
                0x08009224      0x230 C:/ST/STM32CubeIDE_1.16.1/STM32CubeIDE/plugins/com.st.stm32cube.ide.mcu.externaltools.gnu-tools-for-stm32.12.3.rel1.win32_1.0.200.202406191623/tools/bin/../lib/gcc/arm-none-eabi/12.3.1/../../../../arm-none-eabi/lib/thumb/v7e-m+fp/hard\libc_nano.a(libc_a-nano-vfprintf.o)
                0x08009224                _vfprintf_r
                0x08009224                _vfiprintf_r
 .text.__swbuf_r
                0x08009454       0x7c C:/ST/STM32CubeIDE_1.16.1/STM32CubeIDE/plugins/com.st.stm32cube.ide.mcu.externaltools.gnu-tools-for-stm32.12.3.rel1.win32_1.0.200.202406191623/tools/bin/../lib/gcc/arm-none-eabi/12.3.1/../../../../arm-none-eabi/lib/thumb/v7e-m+fp/hard\libc_nano.a(libc_a-wbuf.o)
                0x08009454                __swbuf_r
 .text.__swsetup_r
                0x080094d0       0xac C:/ST/STM32CubeIDE_1.16.1/STM32CubeIDE/plugins/com.st.stm32cube.ide.mcu.externaltools.gnu-tools-for-stm32.12.3.rel1.win32_1.0.200.202406191623/tools/bin/../lib/gcc/arm-none-eabi/12.3.1/../../../../arm-none-eabi/lib/thumb/v7e-m+fp/hard\libc_nano.a(libc_a-wsetup.o)
                0x080094d0                __swsetup_r
 .text._raise_r
                0x0800957c       0x50 C:/ST/STM32CubeIDE_1.16.1/STM32CubeIDE/plugins/com.st.stm32cube.ide.mcu.externaltools.gnu-tools-for-stm32.12.3.rel1.win32_1.0.200.202406191623/tools/bin/../lib/gcc/arm-none-eabi/12.3.1/../../../../arm-none-eabi/lib/thumb/v7e-m+fp/hard\libc_nano.a(libc_a-signal.o)
                0x0800957c                _raise_r
 .text.raise    0x080095cc       0x10 C:/ST/STM32CubeIDE_1.16.1/STM32CubeIDE/plugins/com.st.stm32cube.ide.mcu.externaltools.gnu-tools-for-stm32.12.3.rel1.win32_1.0.200.202406191623/tools/bin/../lib/gcc/arm-none-eabi/12.3.1/../../../../arm-none-eabi/lib/thumb/v7e-m+fp/hard\libc_nano.a(libc_a-signal.o)
                0x080095cc                raise
 .text._kill_r  0x080095dc       0x24 C:/ST/STM32CubeIDE_1.16.1/STM32CubeIDE/plugins/com.st.stm32cube.ide.mcu.externaltools.gnu-tools-for-stm32.12.3.rel1.win32_1.0.200.202406191623/tools/bin/../lib/gcc/arm-none-eabi/12.3.1/../../../../arm-none-eabi/lib/thumb/v7e-m+fp/hard\libc_nano.a(libc_a-signalr.o)
                0x080095dc                _kill_r
 .text._getpid_r
                0x08009600        0x4 C:/ST/STM32CubeIDE_1.16.1/STM32CubeIDE/plugins/com.st.stm32cube.ide.mcu.externaltools.gnu-tools-for-stm32.12.3.rel1.win32_1.0.200.202406191623/tools/bin/../lib/gcc/arm-none-eabi/12.3.1/../../../../arm-none-eabi/lib/thumb/v7e-m+fp/hard\libc_nano.a(libc_a-signalr.o)
                0x08009600                _getpid_r
 .text.__swhatbuf_r
                0x08009604       0x4c C:/ST/STM32CubeIDE_1.16.1/STM32CubeIDE/plugins/com.st.stm32cube.ide.mcu.externaltools.gnu-tools-for-stm32.12.3.rel1.win32_1.0.200.202406191623/tools/bin/../lib/gcc/arm-none-eabi/12.3.1/../../../../arm-none-eabi/lib/thumb/v7e-m+fp/hard\libc_nano.a(libc_a-makebuf.o)
                0x08009604                __swhatbuf_r
 .text.__smakebuf_r
                0x08009650       0x78 C:/ST/STM32CubeIDE_1.16.1/STM32CubeIDE/plugins/com.st.stm32cube.ide.mcu.externaltools.gnu-tools-for-stm32.12.3.rel1.win32_1.0.200.202406191623/tools/bin/../lib/gcc/arm-none-eabi/12.3.1/../../../../arm-none-eabi/lib/thumb/v7e-m+fp/hard\libc_nano.a(libc_a-makebuf.o)
                0x08009650                __smakebuf_r
 .text._fstat_r
                0x080096c8       0x24 C:/ST/STM32CubeIDE_1.16.1/STM32CubeIDE/plugins/com.st.stm32cube.ide.mcu.externaltools.gnu-tools-for-stm32.12.3.rel1.win32_1.0.200.202406191623/tools/bin/../lib/gcc/arm-none-eabi/12.3.1/../../../../arm-none-eabi/lib/thumb/v7e-m+fp/hard\libc_nano.a(libc_a-fstatr.o)
                0x080096c8                _fstat_r
 .text._isatty_r
                0x080096ec       0x20 C:/ST/STM32CubeIDE_1.16.1/STM32CubeIDE/plugins/com.st.stm32cube.ide.mcu.externaltools.gnu-tools-for-stm32.12.3.rel1.win32_1.0.200.202406191623/tools/bin/../lib/gcc/arm-none-eabi/12.3.1/../../../../arm-none-eabi/lib/thumb/v7e-m+fp/hard\libc_nano.a(libc_a-isattyr.o)
                0x080096ec                _isatty_r
 .text._close   0x0800970c       0x10 C:/ST/STM32CubeIDE_1.16.1/STM32CubeIDE/plugins/com.st.stm32cube.ide.mcu.externaltools.gnu-tools-for-stm32.12.3.rel1.win32_1.0.200.202406191623/tools/bin/../lib/gcc/arm-none-eabi/12.3.1/../../../../arm-none-eabi/lib/thumb/v7e-m+fp/hard\libnosys.a(close.o)
                0x0800970c                _close
 .text._fstat   0x0800971c       0x10 C:/ST/STM32CubeIDE_1.16.1/STM32CubeIDE/plugins/com.st.stm32cube.ide.mcu.externaltools.gnu-tools-for-stm32.12.3.rel1.win32_1.0.200.202406191623/tools/bin/../lib/gcc/arm-none-eabi/12.3.1/../../../../arm-none-eabi/lib/thumb/v7e-m+fp/hard\libnosys.a(fstat.o)
                0x0800971c                _fstat
 .text._getpid  0x0800972c       0x10 C:/ST/STM32CubeIDE_1.16.1/STM32CubeIDE/plugins/com.st.stm32cube.ide.mcu.externaltools.gnu-tools-for-stm32.12.3.rel1.win32_1.0.200.202406191623/tools/bin/../lib/gcc/arm-none-eabi/12.3.1/../../../../arm-none-eabi/lib/thumb/v7e-m+fp/hard\libnosys.a(getpid.o)
                0x0800972c                _getpid
 .text._isatty  0x0800973c       0x10 C:/ST/STM32CubeIDE_1.16.1/STM32CubeIDE/plugins/com.st.stm32cube.ide.mcu.externaltools.gnu-tools-for-stm32.12.3.rel1.win32_1.0.200.202406191623/tools/bin/../lib/gcc/arm-none-eabi/12.3.1/../../../../arm-none-eabi/lib/thumb/v7e-m+fp/hard\libnosys.a(isatty.o)
                0x0800973c                _isatty
 .text._kill    0x0800974c       0x10 C:/ST/STM32CubeIDE_1.16.1/STM32CubeIDE/plugins/com.st.stm32cube.ide.mcu.externaltools.gnu-tools-for-stm32.12.3.rel1.win32_1.0.200.202406191623/tools/bin/../lib/gcc/arm-none-eabi/12.3.1/../../../../arm-none-eabi/lib/thumb/v7e-m+fp/hard\libnosys.a(kill.o)
                0x0800974c                _kill
 .text._lseek   0x0800975c       0x10 C:/ST/STM32CubeIDE_1.16.1/STM32CubeIDE/plugins/com.st.stm32cube.ide.mcu.externaltools.gnu-tools-for-stm32.12.3.rel1.win32_1.0.200.202406191623/tools/bin/../lib/gcc/arm-none-eabi/12.3.1/../../../../arm-none-eabi/lib/thumb/v7e-m+fp/hard\libnosys.a(lseek.o)
                0x0800975c                _lseek
 .text._read    0x0800976c       0x10 C:/ST/STM32CubeIDE_1.16.1/STM32CubeIDE/plugins/com.st.stm32cube.ide.mcu.externaltools.gnu-tools-for-stm32.12.3.rel1.win32_1.0.200.202406191623/tools/bin/../lib/gcc/arm-none-eabi/12.3.1/../../../../arm-none-eabi/lib/thumb/v7e-m+fp/hard\libnosys.a(read.o)
                0x0800976c                _read
 .text._write   0x0800977c       0x10 C:/ST/STM32CubeIDE_1.16.1/STM32CubeIDE/plugins/com.st.stm32cube.ide.mcu.externaltools.gnu-tools-for-stm32.12.3.rel1.win32_1.0.200.202406191623/tools/bin/../lib/gcc/arm-none-eabi/12.3.1/../../../../arm-none-eabi/lib/thumb/v7e-m+fp/hard\libnosys.a(write.o)
                0x0800977c                _write
 .text._exit    0x0800978c        0x2 C:/ST/STM32CubeIDE_1.16.1/STM32CubeIDE/plugins/com.st.stm32cube.ide.mcu.externaltools.gnu-tools-for-stm32.12.3.rel1.win32_1.0.200.202406191623/tools/bin/../lib/gcc/arm-none-eabi/12.3.1/../../../../arm-none-eabi/lib/thumb/v7e-m+fp/hard\libnosys.a(_exit.o)
                0x0800978c                _exit
 *(.glue_7)
 .glue_7        0x0800978e        0x0 linker stubs
 *(.glue_7t)
 .glue_7t       0x0800978e        0x0 linker stubs
 *(.eh_frame)
 *fill*         0x0800978e        0x2 
 .eh_frame      0x08009790        0x0 C:/ST/STM32CubeIDE_1.16.1/STM32CubeIDE/plugins/com.st.stm32cube.ide.mcu.externaltools.gnu-tools-for-stm32.12.3.rel1.win32_1.0.200.202406191623/tools/bin/../lib/gcc/arm-none-eabi/12.3.1/thumb/v7e-m+fp/hard/crtbegin.o
 *(.init)
 .init          0x08009790        0x4 C:/ST/STM32CubeIDE_1.16.1/STM32CubeIDE/plugins/com.st.stm32cube.ide.mcu.externaltools.gnu-tools-for-stm32.12.3.rel1.win32_1.0.200.202406191623/tools/bin/../lib/gcc/arm-none-eabi/12.3.1/thumb/v7e-m+fp/hard/crti.o
                0x08009790                _init
 .init          0x08009794        0x8 C:/ST/STM32CubeIDE_1.16.1/STM32CubeIDE/plugins/com.st.stm32cube.ide.mcu.externaltools.gnu-tools-for-stm32.12.3.rel1.win32_1.0.200.202406191623/tools/bin/../lib/gcc/arm-none-eabi/12.3.1/thumb/v7e-m+fp/hard/crtn.o
 *(.fini)
 .fini          0x0800979c        0x4 C:/ST/STM32CubeIDE_1.16.1/STM32CubeIDE/plugins/com.st.stm32cube.ide.mcu.externaltools.gnu-tools-for-stm32.12.3.rel1.win32_1.0.200.202406191623/tools/bin/../lib/gcc/arm-none-eabi/12.3.1/thumb/v7e-m+fp/hard/crti.o
                0x0800979c                _fini
 .fini          0x080097a0        0x8 C:/ST/STM32CubeIDE_1.16.1/STM32CubeIDE/plugins/com.st.stm32cube.ide.mcu.externaltools.gnu-tools-for-stm32.12.3.rel1.win32_1.0.200.202406191623/tools/bin/../lib/gcc/arm-none-eabi/12.3.1/thumb/v7e-m+fp/hard/crtn.o
                0x080097a8                        . = ALIGN (0x4)
                0x080097a8                        _etext = .

.vfp11_veneer   0x080097a8        0x0
 .vfp11_veneer  0x080097a8        0x0 linker stubs

.v4_bx          0x080097a8        0x0
 .v4_bx         0x080097a8        0x0 linker stubs

.iplt           0x080097a8        0x0
 .iplt          0x080097a8        0x0 C:/ST/STM32CubeIDE_1.16.1/STM32CubeIDE/plugins/com.st.stm32cube.ide.mcu.externaltools.gnu-tools-for-stm32.12.3.rel1.win32_1.0.200.202406191623/tools/bin/../lib/gcc/arm-none-eabi/12.3.1/thumb/v7e-m+fp/hard/crtbegin.o

.rodata         0x080097c0      0x998
                0x080097c0                        . = ALIGN (0x4)
 *(.rodata)
 .rodata        0x080097c0       0x6c ./Core/Src/main.o
 .rodata        0x0800982c       0x30 ./X-CUBE-AI/App/sine_model_data.o
 *(.rodata*)
 .rodata.AHBPrescTable
                0x0800985c       0x10 ./Core/Src/system_stm32l4xx.o
                0x0800985c                AHBPrescTable
 .rodata.APBPrescTable
                0x0800986c        0x8 ./Core/Src/system_stm32l4xx.o
                0x0800986c                APBPrescTable
 .rodata.MSIRangeTable
                0x08009874       0x30 ./Core/Src/system_stm32l4xx.o
                0x08009874                MSIRangeTable
 .rodata.gemm_2_chain
                0x080098a4        0x8 ./X-CUBE-AI/App/sine_model.o
 .rodata.nl_1_nl_chain
                0x080098ac        0x8 ./X-CUBE-AI/App/sine_model.o
 .rodata.gemm_1_chain
                0x080098b4        0x8 ./X-CUBE-AI/App/sine_model.o
 .rodata.nl_0_nl_chain
                0x080098bc        0x8 ./X-CUBE-AI/App/sine_model.o
 .rodata.gemm_0_chain
                0x080098c4        0x8 ./X-CUBE-AI/App/sine_model.o
 *fill*         0x080098cc       0x14 
 .rodata.s_sine_model_weights_array_u64
                0x080098e0      0x508 ./X-CUBE-AI/App/sine_model_data_params.o
                0x080098e0                s_sine_model_weights_array_u64
 .rodata._printf_float.str1.1
                0x08009de8       0x12 C:/ST/STM32CubeIDE_1.16.1/STM32CubeIDE/plugins/com.st.stm32cube.ide.mcu.externaltools.gnu-tools-for-stm32.12.3.rel1.win32_1.0.200.202406191623/tools/bin/../lib/gcc/arm-none-eabi/12.3.1/../../../../arm-none-eabi/lib/thumb/v7e-m+fp/hard\libc_nano.a(libc_a-nano-vfprintf_float.o)
 .rodata._printf_i.str1.1
                0x08009dfa       0x22 C:/ST/STM32CubeIDE_1.16.1/STM32CubeIDE/plugins/com.st.stm32cube.ide.mcu.externaltools.gnu-tools-for-stm32.12.3.rel1.win32_1.0.200.202406191623/tools/bin/../lib/gcc/arm-none-eabi/12.3.1/../../../../arm-none-eabi/lib/thumb/v7e-m+fp/hard\libc_nano.a(libc_a-nano-vfprintf_i.o)
 .rodata._dtoa_r.str1.1
                0x08009e1c       0x8d C:/ST/STM32CubeIDE_1.16.1/STM32CubeIDE/plugins/com.st.stm32cube.ide.mcu.externaltools.gnu-tools-for-stm32.12.3.rel1.win32_1.0.200.202406191623/tools/bin/../lib/gcc/arm-none-eabi/12.3.1/../../../../arm-none-eabi/lib/thumb/v7e-m+fp/hard\libc_nano.a(libc_a-dtoa.o)
                                 0x8f (size before relaxing)
 .rodata._Balloc.str1.1
                0x08009ea9       0x59 C:/ST/STM32CubeIDE_1.16.1/STM32CubeIDE/plugins/com.st.stm32cube.ide.mcu.externaltools.gnu-tools-for-stm32.12.3.rel1.win32_1.0.200.202406191623/tools/bin/../lib/gcc/arm-none-eabi/12.3.1/../../../../arm-none-eabi/lib/thumb/v7e-m+fp/hard\libc_nano.a(libc_a-mprec.o)
                                 0x70 (size before relaxing)
 .rodata.__multadd.str1.1
                0x08009f02       0x11 C:/ST/STM32CubeIDE_1.16.1/STM32CubeIDE/plugins/com.st.stm32cube.ide.mcu.externaltools.gnu-tools-for-stm32.12.3.rel1.win32_1.0.200.202406191623/tools/bin/../lib/gcc/arm-none-eabi/12.3.1/../../../../arm-none-eabi/lib/thumb/v7e-m+fp/hard\libc_nano.a(libc_a-mprec.o)
 *fill*         0x08009f02        0x2 
 .rodata.p05.0  0x08009f04        0xc C:/ST/STM32CubeIDE_1.16.1/STM32CubeIDE/plugins/com.st.stm32cube.ide.mcu.externaltools.gnu-tools-for-stm32.12.3.rel1.win32_1.0.200.202406191623/tools/bin/../lib/gcc/arm-none-eabi/12.3.1/../../../../arm-none-eabi/lib/thumb/v7e-m+fp/hard\libc_nano.a(libc_a-mprec.o)
 .rodata.__mprec_bigtens
                0x08009f10       0x28 C:/ST/STM32CubeIDE_1.16.1/STM32CubeIDE/plugins/com.st.stm32cube.ide.mcu.externaltools.gnu-tools-for-stm32.12.3.rel1.win32_1.0.200.202406191623/tools/bin/../lib/gcc/arm-none-eabi/12.3.1/../../../../arm-none-eabi/lib/thumb/v7e-m+fp/hard\libc_nano.a(libc_a-mprec.o)
                0x08009f10                __mprec_bigtens
 .rodata.__mprec_tens
                0x08009f38       0xc8 C:/ST/STM32CubeIDE_1.16.1/STM32CubeIDE/plugins/com.st.stm32cube.ide.mcu.externaltools.gnu-tools-for-stm32.12.3.rel1.win32_1.0.200.202406191623/tools/bin/../lib/gcc/arm-none-eabi/12.3.1/../../../../arm-none-eabi/lib/thumb/v7e-m+fp/hard\libc_nano.a(libc_a-mprec.o)
                0x08009f38                __mprec_tens
 .rodata._svfprintf_r.str1.1
                0x0800a000       0x11 C:/ST/STM32CubeIDE_1.16.1/STM32CubeIDE/plugins/com.st.stm32cube.ide.mcu.externaltools.gnu-tools-for-stm32.12.3.rel1.win32_1.0.200.202406191623/tools/bin/../lib/gcc/arm-none-eabi/12.3.1/../../../../arm-none-eabi/lib/thumb/v7e-m+fp/hard\libc_nano.a(libc_a-nano-svfprintf.o)
 .rodata._setlocale_r.str1.1
                0x0800a011        0x8 C:/ST/STM32CubeIDE_1.16.1/STM32CubeIDE/plugins/com.st.stm32cube.ide.mcu.externaltools.gnu-tools-for-stm32.12.3.rel1.win32_1.0.200.202406191623/tools/bin/../lib/gcc/arm-none-eabi/12.3.1/../../../../arm-none-eabi/lib/thumb/v7e-m+fp/hard\libc_nano.a(libc_a-locale.o)
                                  0x9 (size before relaxing)
 .rodata.str1.1
                0x0800a019        0x2 C:/ST/STM32CubeIDE_1.16.1/STM32CubeIDE/plugins/com.st.stm32cube.ide.mcu.externaltools.gnu-tools-for-stm32.12.3.rel1.win32_1.0.200.202406191623/tools/bin/../lib/gcc/arm-none-eabi/12.3.1/../../../../arm-none-eabi/lib/thumb/v7e-m+fp/hard\libc_nano.a(libc_a-locale.o)
 .rodata.__assert_func.str1.1
                0x0800a01b       0x3c C:/ST/STM32CubeIDE_1.16.1/STM32CubeIDE/plugins/com.st.stm32cube.ide.mcu.externaltools.gnu-tools-for-stm32.12.3.rel1.win32_1.0.200.202406191623/tools/bin/../lib/gcc/arm-none-eabi/12.3.1/../../../../arm-none-eabi/lib/thumb/v7e-m+fp/hard\libc_nano.a(libc_a-assert.o)
                                 0x3d (size before relaxing)
 .rodata._ctype_
                0x0800a057      0x101 C:/ST/STM32CubeIDE_1.16.1/STM32CubeIDE/plugins/com.st.stm32cube.ide.mcu.externaltools.gnu-tools-for-stm32.12.3.rel1.win32_1.0.200.202406191623/tools/bin/../lib/gcc/arm-none-eabi/12.3.1/../../../../arm-none-eabi/lib/thumb/v7e-m+fp/hard\libc_nano.a(libc_a-ctype_.o)
                0x0800a057                _ctype_
 .rodata._vfprintf_r.str1.1
                0x0800a158       0x11 C:/ST/STM32CubeIDE_1.16.1/STM32CubeIDE/plugins/com.st.stm32cube.ide.mcu.externaltools.gnu-tools-for-stm32.12.3.rel1.win32_1.0.200.202406191623/tools/bin/../lib/gcc/arm-none-eabi/12.3.1/../../../../arm-none-eabi/lib/thumb/v7e-m+fp/hard\libc_nano.a(libc_a-nano-vfprintf.o)
                0x0800a16c                        . = ALIGN (0x4)

.ARM.extab      0x0800a158        0x0
                0x0800a158                        . = ALIGN (0x4)
 *(.ARM.extab* .gnu.linkonce.armextab.*)
                0x0800a158                        . = ALIGN (0x4)

.ARM            0x0800a158        0x8
                0x0800a158                        . = ALIGN (0x4)
                0x0800a158                        __exidx_start = .
 *(.ARM.exidx*)
 .ARM.exidx     0x0800a158        0x8 C:/ST/STM32CubeIDE_1.16.1/STM32CubeIDE/plugins/com.st.stm32cube.ide.mcu.externaltools.gnu-tools-for-stm32.12.3.rel1.win32_1.0.200.202406191623/tools/bin/../lib/gcc/arm-none-eabi/12.3.1/../../../../arm-none-eabi/lib/thumb/v7e-m+fp/hard\libc_nano.a(libc_a-memchr.o)
 .ARM.exidx     0x0800a160        0x0 C:/ST/STM32CubeIDE_1.16.1/STM32CubeIDE/plugins/com.st.stm32cube.ide.mcu.externaltools.gnu-tools-for-stm32.12.3.rel1.win32_1.0.200.202406191623/tools/bin/../lib/gcc/arm-none-eabi/12.3.1/../../../../arm-none-eabi/lib/thumb/v7e-m+fp/hard\libc_nano.a(libc_a-strlen.o)
                                  0x8 (size before relaxing)
 .ARM.exidx     0x0800a160        0x0 C:/ST/STM32CubeIDE_1.16.1/STM32CubeIDE/plugins/com.st.stm32cube.ide.mcu.externaltools.gnu-tools-for-stm32.12.3.rel1.win32_1.0.200.202406191623/tools/bin/../lib/gcc/arm-none-eabi/12.3.1/thumb/v7e-m+fp/hard\libgcc.a(_udivmoddi4.o)
                                  0x8 (size before relaxing)
                0x0800a160                        __exidx_end = .
                0x0800a160                        . = ALIGN (0x4)

.preinit_array  0x0800a160        0x0
                0x0800a160                        . = ALIGN (0x4)
                0x0800a160                        PROVIDE (__preinit_array_start = .)
 *(.preinit_array*)
                0x0800a160                        PROVIDE (__preinit_array_end = .)
                0x0800a160                        . = ALIGN (0x4)

.init_array     0x0800a160        0x4
                0x0800a160                        . = ALIGN (0x4)
                0x0800a160                        PROVIDE (__init_array_start = .)
 *(SORT_BY_NAME(.init_array.*))
 *(.init_array*)
 .init_array    0x0800a160        0x4 C:/ST/STM32CubeIDE_1.16.1/STM32CubeIDE/plugins/com.st.stm32cube.ide.mcu.externaltools.gnu-tools-for-stm32.12.3.rel1.win32_1.0.200.202406191623/tools/bin/../lib/gcc/arm-none-eabi/12.3.1/thumb/v7e-m+fp/hard/crtbegin.o
                0x0800a164                        PROVIDE (__init_array_end = .)
                0x0800a164                        . = ALIGN (0x4)

.fini_array     0x0800a164        0x4
                0x0800a164                        . = ALIGN (0x4)
                [!provide]                        PROVIDE (__fini_array_start = .)
 *(SORT_BY_NAME(.fini_array.*))
 *(.fini_array*)
 .fini_array    0x0800a164        0x4 C:/ST/STM32CubeIDE_1.16.1/STM32CubeIDE/plugins/com.st.stm32cube.ide.mcu.externaltools.gnu-tools-for-stm32.12.3.rel1.win32_1.0.200.202406191623/tools/bin/../lib/gcc/arm-none-eabi/12.3.1/thumb/v7e-m+fp/hard/crtbegin.o
                [!provide]                        PROVIDE (__fini_array_end = .)
                0x0800a168                        . = ALIGN (0x4)
                0x0800a168                        _sidata = LOADADDR (.data)

.rel.dyn        0x0800a168        0x0
 .rel.iplt      0x0800a168        0x0 C:/ST/STM32CubeIDE_1.16.1/STM32CubeIDE/plugins/com.st.stm32cube.ide.mcu.externaltools.gnu-tools-for-stm32.12.3.rel1.win32_1.0.200.202406191623/tools/bin/../lib/gcc/arm-none-eabi/12.3.1/thumb/v7e-m+fp/hard/crtbegin.o

.data           0x20000000      0x888 load address 0x0800a168
                0x20000000                        . = ALIGN (0x4)
                0x20000000                        _sdata = .
 *(.data)
 *(.data*)
 .data.output_shape_dims.1
                0x20000000       0x10 ./Core/Src/main.o
 .data.input_shape_dims.0
                0x20000010       0x10 ./Core/Src/main.o
 .data.SystemCoreClock
                0x20000020        0x4 ./Core/Src/system_stm32l4xx.o
                0x20000020                SystemCoreClock
 .data.uwTickPrio
                0x20000024        0x4 ./Drivers/STM32L4xx_HAL_Driver/Src/stm32l4xx_hal.o
                0x20000024                uwTickPrio
 .data.uwTickFreq
                0x20000028        0x1 ./Drivers/STM32L4xx_HAL_Driver/Src/stm32l4xx_hal.o
                0x20000028                uwTickFreq
 *fill*         0x20000029        0x3 
 .data.serving_default_keras_tensor0_output_array
                0x2000002c       0x10 ./X-CUBE-AI/App/sine_model.o
 .data.gemm_0_output_array
                0x2000003c       0x10 ./X-CUBE-AI/App/sine_model.o
 .data.nl_0_nl_output_array
                0x2000004c       0x10 ./X-CUBE-AI/App/sine_model.o
 .data.gemm_1_output_array
                0x2000005c       0x10 ./X-CUBE-AI/App/sine_model.o
 .data.nl_1_nl_output_array
                0x2000006c       0x10 ./X-CUBE-AI/App/sine_model.o
 .data.gemm_2_output_array
                0x2000007c       0x10 ./X-CUBE-AI/App/sine_model.o
 .data.gemm_0_weights_array
                0x2000008c       0x10 ./X-CUBE-AI/App/sine_model.o
 .data.gemm_0_bias_array
                0x2000009c       0x10 ./X-CUBE-AI/App/sine_model.o
 .data.gemm_1_weights_array
                0x200000ac       0x10 ./X-CUBE-AI/App/sine_model.o
 .data.gemm_1_bias_array
                0x200000bc       0x10 ./X-CUBE-AI/App/sine_model.o
 .data.gemm_2_weights_array
                0x200000cc       0x10 ./X-CUBE-AI/App/sine_model.o
 .data.gemm_2_bias_array
                0x200000dc       0x10 ./X-CUBE-AI/App/sine_model.o
 .data.__compound_literal.0
                0x200000ec       0x10 ./X-CUBE-AI/App/sine_model.o
 .data.__compound_literal.1
                0x200000fc       0x10 ./X-CUBE-AI/App/sine_model.o
 .data.gemm_0_bias
                0x2000010c       0x1c ./X-CUBE-AI/App/sine_model.o
 .data.__compound_literal.2
                0x20000128       0x10 ./X-CUBE-AI/App/sine_model.o
 .data.__compound_literal.3
                0x20000138       0x10 ./X-CUBE-AI/App/sine_model.o
 .data.gemm_0_output
                0x20000148       0x1c ./X-CUBE-AI/App/sine_model.o
 .data.__compound_literal.4
                0x20000164       0x10 ./X-CUBE-AI/App/sine_model.o
 .data.__compound_literal.5
                0x20000174       0x10 ./X-CUBE-AI/App/sine_model.o
 .data.gemm_0_weights
                0x20000184       0x1c ./X-CUBE-AI/App/sine_model.o
 .data.__compound_literal.6
                0x200001a0       0x10 ./X-CUBE-AI/App/sine_model.o
 .data.__compound_literal.7
                0x200001b0       0x10 ./X-CUBE-AI/App/sine_model.o
 .data.gemm_1_bias
                0x200001c0       0x1c ./X-CUBE-AI/App/sine_model.o
 .data.__compound_literal.8
                0x200001dc       0x10 ./X-CUBE-AI/App/sine_model.o
 .data.__compound_literal.9
                0x200001ec       0x10 ./X-CUBE-AI/App/sine_model.o
 .data.gemm_1_output
                0x200001fc       0x1c ./X-CUBE-AI/App/sine_model.o
 .data.__compound_literal.10
                0x20000218       0x10 ./X-CUBE-AI/App/sine_model.o
 .data.__compound_literal.11
                0x20000228       0x10 ./X-CUBE-AI/App/sine_model.o
 .data.gemm_1_weights
                0x20000238       0x1c ./X-CUBE-AI/App/sine_model.o
 .data.__compound_literal.12
                0x20000254       0x10 ./X-CUBE-AI/App/sine_model.o
 .data.__compound_literal.13
                0x20000264       0x10 ./X-CUBE-AI/App/sine_model.o
 .data.gemm_2_bias
                0x20000274       0x1c ./X-CUBE-AI/App/sine_model.o
 .data.__compound_literal.14
                0x20000290       0x10 ./X-CUBE-AI/App/sine_model.o
 .data.__compound_literal.15
                0x200002a0       0x10 ./X-CUBE-AI/App/sine_model.o
 .data.gemm_2_output
                0x200002b0       0x1c ./X-CUBE-AI/App/sine_model.o
 .data.__compound_literal.16
                0x200002cc       0x10 ./X-CUBE-AI/App/sine_model.o
 .data.__compound_literal.17
                0x200002dc       0x10 ./X-CUBE-AI/App/sine_model.o
 .data.gemm_2_weights
                0x200002ec       0x1c ./X-CUBE-AI/App/sine_model.o
 .data.__compound_literal.18
                0x20000308       0x10 ./X-CUBE-AI/App/sine_model.o
 .data.__compound_literal.19
                0x20000318       0x10 ./X-CUBE-AI/App/sine_model.o
 .data.nl_0_nl_output
                0x20000328       0x1c ./X-CUBE-AI/App/sine_model.o
 .data.__compound_literal.20
                0x20000344       0x10 ./X-CUBE-AI/App/sine_model.o
 .data.__compound_literal.21
                0x20000354       0x10 ./X-CUBE-AI/App/sine_model.o
 .data.nl_1_nl_output
                0x20000364       0x1c ./X-CUBE-AI/App/sine_model.o
 .data.__compound_literal.22
                0x20000380       0x10 ./X-CUBE-AI/App/sine_model.o
 .data.__compound_literal.23
                0x20000390       0x10 ./X-CUBE-AI/App/sine_model.o
 .data.serving_default_keras_tensor0_output
                0x200003a0       0x1c ./X-CUBE-AI/App/sine_model.o
 .data.__compound_literal.24
                0x200003bc        0x4 ./X-CUBE-AI/App/sine_model.o
 .data.__compound_literal.25
                0x200003c0        0x4 ./X-CUBE-AI/App/sine_model.o
 .data.__compound_literal.26
                0x200003c4        0x8 ./X-CUBE-AI/App/sine_model.o
 .data.__compound_literal.28
                0x200003cc       0x30 ./X-CUBE-AI/App/sine_model.o
 .data.gemm_2_layer
                0x200003fc       0x1c ./X-CUBE-AI/App/sine_model.o
 .data.__compound_literal.29
                0x20000418        0x4 ./X-CUBE-AI/App/sine_model.o
 .data.__compound_literal.30
                0x2000041c        0x4 ./X-CUBE-AI/App/sine_model.o
 .data.__compound_literal.33
                0x20000420       0x30 ./X-CUBE-AI/App/sine_model.o
 .data.nl_1_nl_layer
                0x20000450       0x20 ./X-CUBE-AI/App/sine_model.o
 .data.__compound_literal.34
                0x20000470        0x4 ./X-CUBE-AI/App/sine_model.o
 .data.__compound_literal.35
                0x20000474        0x4 ./X-CUBE-AI/App/sine_model.o
 .data.__compound_literal.36
                0x20000478        0x8 ./X-CUBE-AI/App/sine_model.o
 .data.__compound_literal.38
                0x20000480       0x30 ./X-CUBE-AI/App/sine_model.o
 .data.gemm_1_layer
                0x200004b0       0x1c ./X-CUBE-AI/App/sine_model.o
 .data.__compound_literal.39
                0x200004cc        0x4 ./X-CUBE-AI/App/sine_model.o
 .data.__compound_literal.40
                0x200004d0        0x4 ./X-CUBE-AI/App/sine_model.o
 .data.__compound_literal.43
                0x200004d4       0x30 ./X-CUBE-AI/App/sine_model.o
 .data.nl_0_nl_layer
                0x20000504       0x20 ./X-CUBE-AI/App/sine_model.o
 .data.__compound_literal.44
                0x20000524        0x4 ./X-CUBE-AI/App/sine_model.o
 .data.__compound_literal.45
                0x20000528        0x4 ./X-CUBE-AI/App/sine_model.o
 .data.__compound_literal.46
                0x2000052c        0x8 ./X-CUBE-AI/App/sine_model.o
 .data.__compound_literal.48
                0x20000534       0x30 ./X-CUBE-AI/App/sine_model.o
 .data.gemm_0_layer
                0x20000564       0x1c ./X-CUBE-AI/App/sine_model.o
 .data.__compound_literal.49
                0x20000580       0x10 ./X-CUBE-AI/App/sine_model.o
 .data.__compound_literal.50
                0x20000590       0x1c ./X-CUBE-AI/App/sine_model.o
 .data.__compound_literal.51
                0x200005ac       0x10 ./X-CUBE-AI/App/sine_model.o
 .data.__compound_literal.52
                0x200005bc       0x1c ./X-CUBE-AI/App/sine_model.o
 .data.__compound_literal.53
                0x200005d8        0x4 ./X-CUBE-AI/App/sine_model.o
 .data.__compound_literal.57
                0x200005dc        0xc ./X-CUBE-AI/App/sine_model.o
 .data.__compound_literal.58
                0x200005e8        0x4 ./X-CUBE-AI/App/sine_model.o
 .data.__compound_literal.62
                0x200005ec        0xc ./X-CUBE-AI/App/sine_model.o
 .data.__compound_literal.63
                0x200005f8       0x18 ./X-CUBE-AI/App/sine_model.o
 .data.g_sine_model
                0x20000610       0x4c ./X-CUBE-AI/App/sine_model.o
 .data.__compound_literal.0
                0x2000065c       0x10 ./X-CUBE-AI/App/sine_model_data.o
 .data.g_sine_model_data_map_activations
                0x2000066c       0x1c ./X-CUBE-AI/App/sine_model_data.o
                0x2000066c                g_sine_model_data_map_activations
 .data.__compound_literal.1
                0x20000688       0x10 ./X-CUBE-AI/App/sine_model_data.o
 .data.g_sine_model_data_map_weights
                0x20000698       0x1c ./X-CUBE-AI/App/sine_model_data.o
                0x20000698                g_sine_model_data_map_weights
 .data.g_sine_model_weights_table
                0x200006b4        0xc ./X-CUBE-AI/App/sine_model_data_params.o
                0x200006b4                g_sine_model_weights_table
 .data.__sglue  0x200006c0        0xc C:/ST/STM32CubeIDE_1.16.1/STM32CubeIDE/plugins/com.st.stm32cube.ide.mcu.externaltools.gnu-tools-for-stm32.12.3.rel1.win32_1.0.200.202406191623/tools/bin/../lib/gcc/arm-none-eabi/12.3.1/../../../../arm-none-eabi/lib/thumb/v7e-m+fp/hard\libc_nano.a(libc_a-findfp.o)
                0x200006c0                __sglue
 .data._impure_ptr
                0x200006cc        0x4 C:/ST/STM32CubeIDE_1.16.1/STM32CubeIDE/plugins/com.st.stm32cube.ide.mcu.externaltools.gnu-tools-for-stm32.12.3.rel1.win32_1.0.200.202406191623/tools/bin/../lib/gcc/arm-none-eabi/12.3.1/../../../../arm-none-eabi/lib/thumb/v7e-m+fp/hard\libc_nano.a(libc_a-impure.o)
                0x200006cc                _impure_ptr
 .data._impure_data
                0x200006d0       0x4c C:/ST/STM32CubeIDE_1.16.1/STM32CubeIDE/plugins/com.st.stm32cube.ide.mcu.externaltools.gnu-tools-for-stm32.12.3.rel1.win32_1.0.200.202406191623/tools/bin/../lib/gcc/arm-none-eabi/12.3.1/../../../../arm-none-eabi/lib/thumb/v7e-m+fp/hard\libc_nano.a(libc_a-impure.o)
                0x200006d0                _impure_data
 .data.__global_locale
                0x2000071c      0x16c C:/ST/STM32CubeIDE_1.16.1/STM32CubeIDE/plugins/com.st.stm32cube.ide.mcu.externaltools.gnu-tools-for-stm32.12.3.rel1.win32_1.0.200.202406191623/tools/bin/../lib/gcc/arm-none-eabi/12.3.1/../../../../arm-none-eabi/lib/thumb/v7e-m+fp/hard\libc_nano.a(libc_a-locale.o)
                0x2000071c                __global_locale
 *(.RamFunc)
 *(.RamFunc*)
                0x20000888                        . = ALIGN (0x4)
                0x20000888                        _edata = .

.igot.plt       0x20000888        0x0 load address 0x0800a9f0
 .igot.plt      0x20000888        0x0 C:/ST/STM32CubeIDE_1.16.1/STM32CubeIDE/plugins/com.st.stm32cube.ide.mcu.externaltools.gnu-tools-for-stm32.12.3.rel1.win32_1.0.200.202406191623/tools/bin/../lib/gcc/arm-none-eabi/12.3.1/thumb/v7e-m+fp/hard/crtbegin.o
                0x20000888                        . = ALIGN (0x4)

.bss            0x20000888      0x2d4 load address 0x0800a9f0
                0x20000888                        _sbss = .
                0x20000888                        __bss_start__ = _sbss
 *(.bss)
 .bss           0x20000888       0x1c C:/ST/STM32CubeIDE_1.16.1/STM32CubeIDE/plugins/com.st.stm32cube.ide.mcu.externaltools.gnu-tools-for-stm32.12.3.rel1.win32_1.0.200.202406191623/tools/bin/../lib/gcc/arm-none-eabi/12.3.1/thumb/v7e-m+fp/hard/crtbegin.o
 *(.bss*)
 .bss.htim2     0x200008a4       0x4c ./Core/Src/main.o
                0x200008a4                htim2
 .bss.huart2    0x200008f0       0x88 ./Core/Src/main.o
                0x200008f0                huart2
 .bss.network.2
                0x20000978        0x4 ./Core/Src/main.o
 .bss.__sbrk_heap_end
                0x2000097c        0x4 ./Core/Src/sysmem.o
 .bss.uwTick    0x20000980        0x4 ./Drivers/STM32L4xx_HAL_Driver/Src/stm32l4xx_hal.o
                0x20000980                uwTick
 .bss.g_sine_model_activations_map
                0x20000984        0x4 ./X-CUBE-AI/App/sine_model.o
 .bss.g_sine_model_weights_map
                0x20000988        0x4 ./X-CUBE-AI/App/sine_model.o
 .bss.__compound_literal.27
                0x2000098c        0x4 ./X-CUBE-AI/App/sine_model.o
 .bss.__compound_literal.31
                0x20000990        0x4 ./X-CUBE-AI/App/sine_model.o
 .bss.__compound_literal.32
                0x20000994        0x4 ./X-CUBE-AI/App/sine_model.o
 .bss.__compound_literal.37
                0x20000998        0x4 ./X-CUBE-AI/App/sine_model.o
 .bss.__compound_literal.41
                0x2000099c        0x4 ./X-CUBE-AI/App/sine_model.o
 .bss.__compound_literal.42
                0x200009a0        0x4 ./X-CUBE-AI/App/sine_model.o
 .bss.__compound_literal.47
                0x200009a4        0x4 ./X-CUBE-AI/App/sine_model.o
 .bss.__compound_literal.54
                0x200009a8       0x1c ./X-CUBE-AI/App/sine_model.o
 .bss.__compound_literal.55
                0x200009c4       0x10 ./X-CUBE-AI/App/sine_model.o
 .bss.__compound_literal.56
                0x200009d4        0x8 ./X-CUBE-AI/App/sine_model.o
 .bss.__compound_literal.59
                0x200009dc       0x1c ./X-CUBE-AI/App/sine_model.o
 .bss.__compound_literal.60
                0x200009f8       0x10 ./X-CUBE-AI/App/sine_model.o
 .bss.__compound_literal.61
                0x20000a08        0x8 ./X-CUBE-AI/App/sine_model.o
 .bss.__malloc_sbrk_start
                0x20000a10        0x4 C:/ST/STM32CubeIDE_1.16.1/STM32CubeIDE/plugins/com.st.stm32cube.ide.mcu.externaltools.gnu-tools-for-stm32.12.3.rel1.win32_1.0.200.202406191623/tools/bin/../lib/gcc/arm-none-eabi/12.3.1/../../../../arm-none-eabi/lib/thumb/v7e-m+fp/hard\libc_nano.a(libc_a-mallocr.o)
                0x20000a10                __malloc_sbrk_start
 .bss.__malloc_free_list
                0x20000a14        0x4 C:/ST/STM32CubeIDE_1.16.1/STM32CubeIDE/plugins/com.st.stm32cube.ide.mcu.externaltools.gnu-tools-for-stm32.12.3.rel1.win32_1.0.200.202406191623/tools/bin/../lib/gcc/arm-none-eabi/12.3.1/../../../../arm-none-eabi/lib/thumb/v7e-m+fp/hard\libc_nano.a(libc_a-mallocr.o)
                0x20000a14                __malloc_free_list